/home/edabk/hoangbpm/diar/diar_new/third_party/DiariZen/pyannote-audio/pyannote/audio/pipelines/speaker_verification.py:43: UserWarning: Module 'speechbrain.pretrained' was deprecated, redirecting to 'speechbrain.inference'. Please update your script. This is a change from SpeechBrain 1.0. See: https://github.com/speechbrain/speechbrain/releases/tag/v1.0.0
  from speechbrain.pretrained import (
Fetching 7 files:   0%|          | 0/7 [00:00<?, ?it/s]Fetching 7 files: 100%|██████████| 7/7 [00:00<00:00, 2521.05it/s]
/home/edabk/hoangbpm/diar/diar_new/third_party/DiariZen/pyannote-audio/pyannote/audio/utils/reproducibility.py:74: ReproducibilityWarning: TensorFloat-32 (TF32) has been disabled as it might lead to reproducibility issues and lower accuracy.
It can be re-enabled by calling
   >>> import torch
   >>> torch.backends.cuda.matmul.allow_tf32 = True
   >>> torch.backends.cudnn.allow_tf32 = True
See https://github.com/pyannote/pyannote-audio/issues/1370 for more details.

  warnings.warn(
Loaded configuration: {'model': {'path': 'diarizen.models.eend.model_wavlm_conformer.Model', 'args': {'wavlm_src': 'wavlm_large_s80_md', 'wavlm_layer_num': 25, 'wavlm_feat_dim': 1024, 'attention_in': 256, 'ffn_hidden': 1024, 'num_head': 4, 'num_layer': 4, 'dropout': 0.1, 'max_speakers_per_chunk': 4, 'max_speakers_per_frame': 4, 'chunk_size': 16, 'use_posi': False, 'output_activate_function': False, 'selected_channel': 0}}, 'inference': {'args': {'seg_duration': 16, 'segmentation_step': 0.1, 'batch_size': 32, 'apply_median_filtering': True}}, 'clustering': {'args': {'method': 'VBxClustering', 'min_speakers': 1, 'max_speakers': 20, 'ahc_criterion': 'distance', 'ahc_threshold': 0.6, 'Fa': 0.07, 'Fb': 0.8, 'lda_dim': 128, 'max_iters': 20}}}
self.embedding: /home/edabk/.cache/huggingface/hub/models--pyannote--wespeaker-voxceleb-resnet34-LM/snapshots/837717ddb9ff5507820346191109dc79c958d614/pytorch_model.bin
DiariZen BUT-FIT/diarizen-wavlm-large-s80-md-v2: 268 windows -> logs/diarizen_msdwild_manyval/pred_rttms
Extracting segmentations.
Extracting Embeddings.
Clustering.
Extracting segmentations.
Extracting Embeddings.
Clustering.
Extracting segmentations.
Extracting Embeddings.
Clustering.
Extracting segmentations.
Extracting Embeddings.
Clustering.
Extracting segmentations.
Extracting Embeddings.
Clustering.
Extracting segmentations.
Extracting Embeddings.
Clustering.
Extracting segmentations.
Extracting Embeddings.
Clustering.
Extracting segmentations.
Extracting Embeddings.
Clustering.
Extracting segmentations.
Extracting Embeddings.
Clustering.
Extracting segmentations.
Extracting Embeddings.
Clustering.
Extracting segmentations.
Extracting Embeddings.
Clustering.
Extracting segmentations.
Extracting Embeddings.
Clustering.
Extracting segmentations.
Extracting Embeddings.
Clustering.
Extracting segmentations.
Extracting Embeddings.
Clustering.
Extracting segmentations.
Extracting Embeddings.
Clustering.
Extracting segmentations.
Extracting Embeddings.
Clustering.
Extracting segmentations.
Extracting Embeddings.
Clustering.
Extracting segmentations.
Extracting Embeddings.
Clustering.
Extracting segmentations.
Extracting Embeddings.
Clustering.
Extracting segmentations.
Extracting Embeddings.
Clustering.
  [20/268] 00206_0007
Extracting segmentations.
Extracting Embeddings.
Clustering.
Extracting segmentations.
Extracting Embeddings.
Clustering.
Extracting segmentations.
Extracting Embeddings.
Clustering.
Extracting segmentations.
Extracting Embeddings.
Clustering.
Extracting segmentations.
Extracting Embeddings.
Clustering.
Extracting segmentations.
Extracting Embeddings.
Clustering.
Extracting segmentations.
Extracting Embeddings.
Clustering.
Extracting segmentations.
Extracting Embeddings.
Clustering.
Extracting segmentations.
Extracting Embeddings.
Clustering.
Extracting segmentations.
Extracting Embeddings.
Clustering.
Extracting segmentations.
Extracting Embeddings.
Clustering.
Extracting segmentations.
Extracting Embeddings.
Clustering.
Extracting segmentations.
Extracting Embeddings.
Clustering.
Extracting segmentations.
Extracting Embeddings.
Clustering.
Extracting segmentations.
Extracting Embeddings.
Clustering.
Extracting segmentations.
Extracting Embeddings.
Clustering.
Extracting segmentations.
Extracting Embeddings.
Clustering.
Extracting segmentations.
Extracting Embeddings.
Clustering.
Extracting segmentations.
Extracting Embeddings.
Clustering.
Extracting segmentations.
Extracting Embeddings.
Clustering.
  [40/268] 00548_0000
Extracting segmentations.
Extracting Embeddings.
Clustering.
Extracting segmentations.
Extracting Embeddings.
Clustering.
Extracting segmentations.
Extracting Embeddings.
Clustering.
Extracting segmentations.
Extracting Embeddings.
Clustering.
Extracting segmentations.
Extracting Embeddings.
Clustering.
Extracting segmentations.
Extracting Embeddings.
Clustering.
Extracting segmentations.
Extracting Embeddings.
Clustering.
Extracting segmentations.
Extracting Embeddings.
Clustering.
Extracting segmentations.
Extracting Embeddings.
Clustering.
Extracting segmentations.
Extracting Embeddings.
Clustering.
Extracting segmentations.
Extracting Embeddings.
Clustering.
Extracting segmentations.
Extracting Embeddings.
Clustering.
Extracting segmentations.
Extracting Embeddings.
Clustering.
Extracting segmentations.
Extracting Embeddings.
Clustering.
Extracting segmentations.
Extracting Embeddings.
Clustering.
Extracting segmentations.
Extracting Embeddings.
Clustering.
Extracting segmentations.
Extracting Embeddings.
Clustering.
Extracting segmentations.
Extracting Embeddings.
Clustering.
Extracting segmentations.
Extracting Embeddings.
Clustering.
Extracting segmentations.
Extracting Embeddings.
Clustering.
  [60/268] 00777_0000
Extracting segmentations.
Extracting Embeddings.
Clustering.
Extracting segmentations.
Extracting Embeddings.
Clustering.
Extracting segmentations.
Extracting Embeddings.
Clustering.
Extracting segmentations.
Extracting Embeddings.
Clustering.
Extracting segmentations.
Extracting Embeddings.
Clustering.
Extracting segmentations.
Extracting Embeddings.
Clustering.
Extracting segmentations.
Extracting Embeddings.
Clustering.
Extracting segmentations.
Extracting Embeddings.
Clustering.
Extracting segmentations.
Extracting Embeddings.
Clustering.
Extracting segmentations.
Extracting Embeddings.
Clustering.
Extracting segmentations.
Extracting Embeddings.
Clustering.
Extracting segmentations.
Extracting Embeddings.
Clustering.
Extracting segmentations.
Extracting Embeddings.
Clustering.
Extracting segmentations.
Extracting Embeddings.
Clustering.
Extracting segmentations.
Extracting Embeddings.
Clustering.
Extracting segmentations.
Extracting Embeddings.
Clustering.
Extracting segmentations.
Extracting Embeddings.
Clustering.
Extracting segmentations.
Extracting Embeddings.
Clustering.
Extracting segmentations.
Extracting Embeddings.
Clustering.
Extracting segmentations.
Extracting Embeddings.
Clustering.
  [80/268] 00884_0009
Extracting segmentations.
Extracting Embeddings.
Clustering.
Extracting segmentations.
Extracting Embeddings.
Clustering.
Extracting segmentations.
Extracting Embeddings.
Clustering.
Extracting segmentations.
Extracting Embeddings.
Clustering.
Extracting segmentations.
Extracting Embeddings.
Clustering.
Extracting segmentations.
Extracting Embeddings.
Clustering.
Extracting segmentations.
Extracting Embeddings.
Clustering.
Extracting segmentations.
Extracting Embeddings.
Clustering.
Extracting segmentations.
Extracting Embeddings.
Clustering.
Extracting segmentations.
Extracting Embeddings.
Clustering.
Extracting segmentations.
Extracting Embeddings.
Clustering.
Extracting segmentations.
Extracting Embeddings.
Clustering.
Extracting segmentations.
Extracting Embeddings.
Clustering.
Extracting segmentations.
Extracting Embeddings.
Clustering.
Extracting segmentations.
Extracting Embeddings.
Clustering.
Extracting segmentations.
Extracting Embeddings.
Clustering.
Extracting segmentations.
Extracting Embeddings.
Clustering.
Extracting segmentations.
Extracting Embeddings.
Clustering.
Extracting segmentations.
Extracting Embeddings.
Clustering.
Extracting segmentations.
Extracting Embeddings.
Clustering.
  [100/268] 01036_0000
Extracting segmentations.
Extracting Embeddings.
Clustering.
Extracting segmentations.
Extracting Embeddings.
Clustering.
Extracting segmentations.
Extracting Embeddings.
Clustering.
Extracting segmentations.
Extracting Embeddings.
Clustering.
Extracting segmentations.
Extracting Embeddings.
Clustering.
Extracting segmentations.
Extracting Embeddings.
Clustering.
Extracting segmentations.
Extracting Embeddings.
Clustering.
Extracting segmentations.
Extracting Embeddings.
Clustering.
Extracting segmentations.
Extracting Embeddings.
Clustering.
Extracting segmentations.
Extracting Embeddings.
Clustering.
Extracting segmentations.
Extracting Embeddings.
Clustering.
Extracting segmentations.
Extracting Embeddings.
Clustering.
Extracting segmentations.
Extracting Embeddings.
Clustering.
Extracting segmentations.
Extracting Embeddings.
Clustering.
Extracting segmentations.
Extracting Embeddings.
Clustering.
Extracting segmentations.
Extracting Embeddings.
Clustering.
Extracting segmentations.
Extracting Embeddings.
Clustering.
Extracting segmentations.
Extracting Embeddings.
Clustering.
Extracting segmentations.
Extracting Embeddings.
Clustering.
Extracting segmentations.
Extracting Embeddings.
Clustering.
  [120/268] 01118_0000
Extracting segmentations.
Extracting Embeddings.
Clustering.
Extracting segmentations.
Extracting Embeddings.
Clustering.
Extracting segmentations.
Extracting Embeddings.
Clustering.
Extracting segmentations.
Extracting Embeddings.
Clustering.
Extracting segmentations.
Extracting Embeddings.
Clustering.
Extracting segmentations.
Extracting Embeddings.
Clustering.
Extracting segmentations.
Extracting Embeddings.
Clustering.
Extracting segmentations.
Extracting Embeddings.
Clustering.
Extracting segmentations.
Extracting Embeddings.
Clustering.
Extracting segmentations.
Extracting Embeddings.
Clustering.
Extracting segmentations.
Extracting Embeddings.
Clustering.
Extracting segmentations.
Extracting Embeddings.
Clustering.
Extracting segmentations.
Extracting Embeddings.
Clustering.
Extracting segmentations.
Extracting Embeddings.
Clustering.
Extracting segmentations.
Extracting Embeddings.
Clustering.
Extracting segmentations.
Extracting Embeddings.
Clustering.
Extracting segmentations.
Extracting Embeddings.
Clustering.
Extracting segmentations.
Extracting Embeddings.
Clustering.
Extracting segmentations.
Extracting Embeddings.
Clustering.
Extracting segmentations.
Extracting Embeddings.
Clustering.
  [140/268] 01247_0000
Extracting segmentations.
Extracting Embeddings.
Clustering.
Extracting segmentations.
Extracting Embeddings.
Clustering.
Extracting segmentations.
Extracting Embeddings.
Clustering.
Extracting segmentations.
Extracting Embeddings.
Clustering.
Extracting segmentations.
Extracting Embeddings.
Clustering.
Extracting segmentations.
Extracting Embeddings.
Clustering.
Extracting segmentations.
Extracting Embeddings.
Clustering.
Extracting segmentations.
Extracting Embeddings.
Clustering.
Extracting segmentations.
Extracting Embeddings.
Clustering.
Extracting segmentations.
Extracting Embeddings.
Clustering.
Extracting segmentations.
Extracting Embeddings.
Clustering.
Extracting segmentations.
Extracting Embeddings.
Clustering.
Extracting segmentations.
Extracting Embeddings.
Clustering.
Extracting segmentations.
Extracting Embeddings.
Clustering.
Extracting segmentations.
Extracting Embeddings.
Clustering.
Extracting segmentations.
Extracting Embeddings.
Clustering.
Extracting segmentations.
Extracting Embeddings.
Clustering.
Extracting segmentations.
Extracting Embeddings.
Clustering.
Extracting segmentations.
Extracting Embeddings.
Clustering.
Extracting segmentations.
Extracting Embeddings.
Clustering.
  [160/268] 01580_0000
Extracting segmentations.
Extracting Embeddings.
Clustering.
Extracting segmentations.
Extracting Embeddings.
Clustering.
Extracting segmentations.
Extracting Embeddings.
Clustering.
Extracting segmentations.
Extracting Embeddings.
Clustering.
Extracting segmentations.
Extracting Embeddings.
Clustering.
Extracting segmentations.
Extracting Embeddings.
Clustering.
Extracting segmentations.
Extracting Embeddings.
Clustering.
Extracting segmentations.
Extracting Embeddings.
Clustering.
Extracting segmentations.
Extracting Embeddings.
Clustering.
Extracting segmentations.
Extracting Embeddings.
Clustering.
Extracting segmentations.
Extracting Embeddings.
Clustering.
Extracting segmentations.
Extracting Embeddings.
Clustering.
Extracting segmentations.
Extracting Embeddings.
Clustering.
Extracting segmentations.
Extracting Embeddings.
Clustering.
Extracting segmentations.
Extracting Embeddings.
Clustering.
Extracting segmentations.
Extracting Embeddings.
Clustering.
Extracting segmentations.
Extracting Embeddings.
Clustering.
Extracting segmentations.
Extracting Embeddings.
Clustering.
Extracting segmentations.
Extracting Embeddings.
Clustering.
Extracting segmentations.
Extracting Embeddings.
Clustering.
  [180/268] 01820_0000
Extracting segmentations.
Extracting Embeddings.
Clustering.
Extracting segmentations.
Extracting Embeddings.
Clustering.
Extracting segmentations.
Extracting Embeddings.
Clustering.
Extracting segmentations.
Extracting Embeddings.
Clustering.
Extracting segmentations.
Extracting Embeddings.
Clustering.
Extracting segmentations.
Extracting Embeddings.
Clustering.
Extracting segmentations.
Extracting Embeddings.
Clustering.
Extracting segmentations.
Extracting Embeddings.
Clustering.
Extracting segmentations.
Extracting Embeddings.
Clustering.
Extracting segmentations.
Extracting Embeddings.
Clustering.
Extracting segmentations.
Extracting Embeddings.
Clustering.
Extracting segmentations.
Extracting Embeddings.
Clustering.
Extracting segmentations.
Extracting Embeddings.
Clustering.
Extracting segmentations.
Extracting Embeddings.
Clustering.
Extracting segmentations.
Extracting Embeddings.
Clustering.
Extracting segmentations.
Extracting Embeddings.
Clustering.
Extracting segmentations.
Extracting Embeddings.
Clustering.
Extracting segmentations.
Extracting Embeddings.
Clustering.
Extracting segmentations.
Extracting Embeddings.
Clustering.
Extracting segmentations.
Extracting Embeddings.
Clustering.
  [200/268] 02243_0001
Extracting segmentations.
Extracting Embeddings.
Clustering.
Extracting segmentations.
Extracting Embeddings.
Clustering.
Extracting segmentations.
Extracting Embeddings.
Clustering.
Extracting segmentations.
Extracting Embeddings.
Clustering.
Extracting segmentations.
Extracting Embeddings.
Clustering.
Extracting segmentations.
Extracting Embeddings.
Clustering.
Extracting segmentations.
Extracting Embeddings.
Clustering.
Extracting segmentations.
Extracting Embeddings.
Clustering.
Extracting segmentations.
Extracting Embeddings.
Clustering.
Extracting segmentations.
Extracting Embeddings.
Clustering.
Extracting segmentations.
Extracting Embeddings.
Clustering.
Extracting segmentations.
Extracting Embeddings.
Clustering.
Extracting segmentations.
Extracting Embeddings.
Clustering.
Extracting segmentations.
Extracting Embeddings.
Clustering.
Extracting segmentations.
Extracting Embeddings.
Clustering.
Extracting segmentations.
Extracting Embeddings.
Clustering.
Extracting segmentations.
Extracting Embeddings.
Clustering.
Extracting segmentations.
Extracting Embeddings.
Clustering.
Extracting segmentations.
Extracting Embeddings.
Clustering.
Extracting segmentations.
Extracting Embeddings.
Clustering.
  [220/268] 02404_0000
Extracting segmentations.
Extracting Embeddings.
Clustering.
Extracting segmentations.
Extracting Embeddings.
Clustering.
Extracting segmentations.
Extracting Embeddings.
Clustering.
Extracting segmentations.
Extracting Embeddings.
Clustering.
Extracting segmentations.
Extracting Embeddings.
Clustering.
Extracting segmentations.
Extracting Embeddings.
Clustering.
Extracting segmentations.
Extracting Embeddings.
Clustering.
Extracting segmentations.
Extracting Embeddings.
Clustering.
Extracting segmentations.
Extracting Embeddings.
Clustering.
Extracting segmentations.
Extracting Embeddings.
Clustering.
Extracting segmentations.
Extracting Embeddings.
Clustering.
Extracting segmentations.
Extracting Embeddings.
Clustering.
Extracting segmentations.
Extracting Embeddings.
Clustering.
Extracting segmentations.
Extracting Embeddings.
Clustering.
Extracting segmentations.
Extracting Embeddings.
Clustering.
Extracting segmentations.
Extracting Embeddings.
Clustering.
Extracting segmentations.
Extracting Embeddings.
Clustering.
Extracting segmentations.
Extracting Embeddings.
Clustering.
Extracting segmentations.
Extracting Embeddings.
Clustering.
Extracting segmentations.
Extracting Embeddings.
Clustering.
  [240/268] 02646_0000
Extracting segmentations.
Extracting Embeddings.
Clustering.
Extracting segmentations.
Extracting Embeddings.
Clustering.
Extracting segmentations.
Extracting Embeddings.
Clustering.
Extracting segmentations.
Extracting Embeddings.
Clustering.
Extracting segmentations.
Extracting Embeddings.
Clustering.
Extracting segmentations.
Extracting Embeddings.
Clustering.
Extracting segmentations.
Extracting Embeddings.
Clustering.
Extracting segmentations.
Extracting Embeddings.
Clustering.
Extracting segmentations.
Extracting Embeddings.
Clustering.
Extracting segmentations.
Extracting Embeddings.
Clustering.
Extracting segmentations.
Extracting Embeddings.
Clustering.
Extracting segmentations.
Extracting Embeddings.
Clustering.
Extracting segmentations.
Extracting Embeddings.
Clustering.
Extracting segmentations.
Extracting Embeddings.
Clustering.
Extracting segmentations.
Extracting Embeddings.
Clustering.
Extracting segmentations.
Extracting Embeddings.
Clustering.
Extracting segmentations.
Extracting Embeddings.
Clustering.
Extracting segmentations.
Extracting Embeddings.
Clustering.
Extracting segmentations.
Extracting Embeddings.
Clustering.
Extracting segmentations.
Extracting Embeddings.
Clustering.
  [260/268] 02913_0000
Extracting segmentations.
Extracting Embeddings.
Clustering.
Extracting segmentations.
Extracting Embeddings.
Clustering.
Extracting segmentations.
Extracting Embeddings.
Clustering.
Extracting segmentations.
Extracting Embeddings.
Clustering.
Extracting segmentations.
Extracting Embeddings.
Clustering.
Extracting segmentations.
Extracting Embeddings.
Clustering.
Extracting segmentations.
Extracting Embeddings.
Clustering.
Extracting segmentations.
Extracting Embeddings.
Clustering.
  [268/268] 03141_0000
Done. 0 windows skipped (no RTTM written; scorer excludes them).
