=== arm uniform (backbone_lr=3.0e-5 freeze=0) ===
Number of trainable parameters: 65879235
  best AMI-dev macroF1: macroF1=0.651
=== arm bb_div10 (backbone_lr=3.0e-6 freeze=0) ===
Number of trainable parameters: 65879235
Differential LR: backbone=3e-06 (64556023 params), head=3e-05 (1323212 params)
  best AMI-dev macroF1: macroF1=0.651
=== arm bb_div30 (backbone_lr=1.0e-6 freeze=0) ===
Number of trainable parameters: 65879235
Differential LR: backbone=1e-06 (64556023 params), head=3e-05 (1323212 params)
  best AMI-dev macroF1: macroF1=0.651
=== arm head_only (backbone_lr=0 freeze=1) ===
freeze_backbone_all: backbone frozen, training head only.
Number of trainable parameters: 1323212
  best AMI-dev macroF1: macroF1=0.651
=== PHASE 1 DONE ===
--- uniform ---
[val@200] macroF1=0.649 f1/cls=[0.80 0.90 0.61 0.28] ovF1=0.681 vadF1=0.954
[val@400] macroF1=0.651 f1/cls=[0.81 0.90 0.61 0.28] ovF1=0.680 vadF1=0.954
[val@600] macroF1=0.630 f1/cls=[0.81 0.90 0.60 0.22] ovF1=0.660 vadF1=0.954
[val@800] macroF1=0.643 f1/cls=[0.81 0.90 0.60 0.26] ovF1=0.671 vadF1=0.953
[val@1000] macroF1=0.642 f1/cls=[0.81 0.90 0.61 0.25] ovF1=0.676 vadF1=0.954
[val@1200] macroF1=0.644 f1/cls=[0.81 0.90 0.61 0.26] ovF1=0.674 vadF1=0.954
[val@1400] macroF1=0.647 f1/cls=[0.81 0.90 0.61 0.27] ovF1=0.680 vadF1=0.954
[val@1600] macroF1=0.645 f1/cls=[0.81 0.90 0.61 0.26] ovF1=0.678 vadF1=0.954
--- bb_div10 ---
[val@200] macroF1=0.647 f1/cls=[0.81 0.90 0.61 0.27] ovF1=0.677 vadF1=0.954
[val@400] macroF1=0.651 f1/cls=[0.81 0.90 0.61 0.28] ovF1=0.679 vadF1=0.954
[val@600] macroF1=0.644 f1/cls=[0.81 0.90 0.60 0.26] ovF1=0.673 vadF1=0.954
[val@800] macroF1=0.648 f1/cls=[0.81 0.90 0.61 0.27] ovF1=0.676 vadF1=0.954
[val@1000] macroF1=0.646 f1/cls=[0.81 0.90 0.61 0.27] ovF1=0.676 vadF1=0.954
[val@1200] macroF1=0.647 f1/cls=[0.81 0.90 0.61 0.27] ovF1=0.679 vadF1=0.954
[val@1400] macroF1=0.646 f1/cls=[0.81 0.90 0.61 0.26] ovF1=0.679 vadF1=0.954
[val@1600] macroF1=0.647 f1/cls=[0.81 0.90 0.61 0.26] ovF1=0.679 vadF1=0.954
--- bb_div30 ---
[val@200] macroF1=0.648 f1/cls=[0.81 0.90 0.61 0.27] ovF1=0.676 vadF1=0.954
[val@400] macroF1=0.651 f1/cls=[0.81 0.90 0.61 0.28] ovF1=0.678 vadF1=0.954
[val@600] macroF1=0.647 f1/cls=[0.81 0.90 0.61 0.27] ovF1=0.677 vadF1=0.954
[val@800] macroF1=0.648 f1/cls=[0.81 0.90 0.61 0.27] ovF1=0.677 vadF1=0.954
[val@1000] macroF1=0.647 f1/cls=[0.81 0.90 0.61 0.27] ovF1=0.676 vadF1=0.954
[val@1200] macroF1=0.647 f1/cls=[0.81 0.90 0.61 0.27] ovF1=0.678 vadF1=0.954
[val@1400] macroF1=0.646 f1/cls=[0.81 0.90 0.61 0.26] ovF1=0.678 vadF1=0.954
[val@1600] macroF1=0.647 f1/cls=[0.81 0.90 0.61 0.27] ovF1=0.678 vadF1=0.954
--- head_only ---
[val@200] macroF1=0.648 f1/cls=[0.81 0.90 0.61 0.28] ovF1=0.676 vadF1=0.954
[val@400] macroF1=0.651 f1/cls=[0.81 0.90 0.60 0.28] ovF1=0.677 vadF1=0.954
[val@600] macroF1=0.648 f1/cls=[0.81 0.90 0.61 0.28] ovF1=0.676 vadF1=0.954
[val@800] macroF1=0.648 f1/cls=[0.81 0.90 0.61 0.27] ovF1=0.676 vadF1=0.954
[val@1000] macroF1=0.648 f1/cls=[0.81 0.90 0.61 0.27] ovF1=0.676 vadF1=0.954
[val@1200] macroF1=0.648 f1/cls=[0.81 0.90 0.61 0.27] ovF1=0.677 vadF1=0.954
[val@1400] macroF1=0.647 f1/cls=[0.81 0.90 0.61 0.27] ovF1=0.677 vadF1=0.954
[val@1600] macroF1=0.647 f1/cls=[0.81 0.90 0.61 0.27] ovF1=0.677 vadF1=0.954
