=== p4_smooth_s1234 (lambda_smooth=0.15 seed=1234) ===
[val@400] macroF1=0.651 f1/cls=[0.81 0.90 0.61 0.28] ovF1=0.680 vadF1=0.954
=== p4_smooth_s2345 (lambda_smooth=0.15 seed=2345) ===
[val@400] macroF1=0.644 f1/cls=[0.81 0.90 0.61 0.25] ovF1=0.678 vadF1=0.954
=== p4_smooth_s3456 (lambda_smooth=0.15 seed=3456) ===
[val@400] macroF1=0.646 f1/cls=[0.81 0.90 0.60 0.27] ovF1=0.669 vadF1=0.953
=== PHASE 4 TRAINING DONE — scoring the LOCKED step400 endpoint ===
/home/edabk/hoangbpm/diar/diar_new/third_party/icefall/egs/librispeech/ASR/zipformer/scaling.py:1310: FutureWarning: `torch.cuda.amp.custom_fwd(args...)` is deprecated. Please use `torch.amp.custom_fwd(args..., device_type='cuda')` instead.
  def forward(ctx, x, y, alpha):
/home/edabk/hoangbpm/diar/diar_new/third_party/icefall/egs/librispeech/ASR/zipformer/scaling.py:1319: FutureWarning: `torch.cuda.amp.custom_bwd(args...)` is deprecated. Please use `torch.amp.custom_bwd(args..., device_type='cuda')` instead.
  def backward(ctx, ans_grad):
/home/edabk/hoangbpm/diar/diar_new/third_party/icefall/egs/librispeech/ASR/zipformer/scaling.py:1529: FutureWarning: `torch.cuda.amp.custom_fwd(args...)` is deprecated. Please use `torch.amp.custom_fwd(args..., device_type='cuda')` instead.
  def forward(
/home/edabk/hoangbpm/diar/diar_new/third_party/icefall/egs/librispeech/ASR/zipformer/scaling.py:1568: FutureWarning: `torch.cuda.amp.custom_bwd(args...)` is deprecated. Please use `torch.amp.custom_bwd(args..., device_type='cuda')` instead.
  def backward(ctx, ans_grad: Tensor):
fatal: not a git repository (or any of the parent directories): .git
fatal: not a git repository (or any of the parent directories): .git
fatal: not a git repository (or any of the parent directories): .git
Built Zipformer encoder: causal=True, chunk_size=(32,), left_context_frames=(128,)
Loaded: 64556023/64556023 params (100.0%)
Missing keys: 0
Unexpected keys: 0
Multi-scale hypercolumn enabled: stack dims [192, 256, 384, 512, 384, 256] -> concat dim 1984
Detected backbone output_dim: 1984
step400.pt: pooled macro=0.5631 osd=0.5213 | unweighted-over-rec macro=0.4992 | 116 recordings -> results/p4_smooth_s1234_voxsel.json
/home/edabk/hoangbpm/diar/diar_new/third_party/icefall/egs/librispeech/ASR/zipformer/scaling.py:1310: FutureWarning: `torch.cuda.amp.custom_fwd(args...)` is deprecated. Please use `torch.amp.custom_fwd(args..., device_type='cuda')` instead.
  def forward(ctx, x, y, alpha):
/home/edabk/hoangbpm/diar/diar_new/third_party/icefall/egs/librispeech/ASR/zipformer/scaling.py:1319: FutureWarning: `torch.cuda.amp.custom_bwd(args...)` is deprecated. Please use `torch.amp.custom_bwd(args..., device_type='cuda')` instead.
  def backward(ctx, ans_grad):
/home/edabk/hoangbpm/diar/diar_new/third_party/icefall/egs/librispeech/ASR/zipformer/scaling.py:1529: FutureWarning: `torch.cuda.amp.custom_fwd(args...)` is deprecated. Please use `torch.amp.custom_fwd(args..., device_type='cuda')` instead.
  def forward(
/home/edabk/hoangbpm/diar/diar_new/third_party/icefall/egs/librispeech/ASR/zipformer/scaling.py:1568: FutureWarning: `torch.cuda.amp.custom_bwd(args...)` is deprecated. Please use `torch.amp.custom_bwd(args..., device_type='cuda')` instead.
  def backward(ctx, ans_grad: Tensor):
fatal: not a git repository (or any of the parent directories): .git
fatal: not a git repository (or any of the parent directories): .git
fatal: not a git repository (or any of the parent directories): .git
Built Zipformer encoder: causal=True, chunk_size=(32,), left_context_frames=(128,)
Loaded: 64556023/64556023 params (100.0%)
Missing keys: 0
Unexpected keys: 0
Multi-scale hypercolumn enabled: stack dims [192, 256, 384, 512, 384, 256] -> concat dim 1984
Detected backbone output_dim: 1984
step400.pt: pooled macro=0.5439 osd=0.4824 | unweighted-over-rec macro=0.4865 | 116 recordings -> results/p4_smooth_s2345_voxsel.json
/home/edabk/hoangbpm/diar/diar_new/third_party/icefall/egs/librispeech/ASR/zipformer/scaling.py:1310: FutureWarning: `torch.cuda.amp.custom_fwd(args...)` is deprecated. Please use `torch.amp.custom_fwd(args..., device_type='cuda')` instead.
  def forward(ctx, x, y, alpha):
/home/edabk/hoangbpm/diar/diar_new/third_party/icefall/egs/librispeech/ASR/zipformer/scaling.py:1319: FutureWarning: `torch.cuda.amp.custom_bwd(args...)` is deprecated. Please use `torch.amp.custom_bwd(args..., device_type='cuda')` instead.
  def backward(ctx, ans_grad):
/home/edabk/hoangbpm/diar/diar_new/third_party/icefall/egs/librispeech/ASR/zipformer/scaling.py:1529: FutureWarning: `torch.cuda.amp.custom_fwd(args...)` is deprecated. Please use `torch.amp.custom_fwd(args..., device_type='cuda')` instead.
  def forward(
/home/edabk/hoangbpm/diar/diar_new/third_party/icefall/egs/librispeech/ASR/zipformer/scaling.py:1568: FutureWarning: `torch.cuda.amp.custom_bwd(args...)` is deprecated. Please use `torch.amp.custom_bwd(args..., device_type='cuda')` instead.
  def backward(ctx, ans_grad: Tensor):
fatal: not a git repository (or any of the parent directories): .git
fatal: not a git repository (or any of the parent directories): .git
fatal: not a git repository (or any of the parent directories): .git
Built Zipformer encoder: causal=True, chunk_size=(32,), left_context_frames=(128,)
Loaded: 64556023/64556023 params (100.0%)
Missing keys: 0
Unexpected keys: 0
Multi-scale hypercolumn enabled: stack dims [192, 256, 384, 512, 384, 256] -> concat dim 1984
Detected backbone output_dim: 1984
step400.pt: pooled macro=0.5601 osd=0.5045 | unweighted-over-rec macro=0.5005 | 116 recordings -> results/p4_smooth_s3456_voxsel.json
=== PRIMARY: paired comparison vs lambda=0 control ===
=== smooth .15  vs  ctrl   [macro_f1] ===

per-seed (paired: same seed, same batch order):
  seed1: ctrl=0.5620  smooth .15=0.5631  delta=+0.0011
  seed2: ctrl=0.5426  smooth .15=0.5439  delta=+0.0013
  seed3: ctrl=0.5606  smooth .15=0.5601  delta=-0.0005
  -> mean delta +0.0006, all same sign: False

recording-level paired bootstrap (116 recordings, seeds averaged):
  mean delta +0.0007   95% CI [+0.0005, +0.0010]
  recordings improved: 86/116
  CI excludes zero: True

  most negative recordings: voxconverse_test_eddje(-0.004), voxconverse_test_kpjud(-0.004), voxconverse_test_wcxfk(-0.003), voxconverse_test_rxulz(-0.002), voxconverse_test_eqsta(-0.002)
  most positive recordings: voxconverse_test_gtnjb(+0.004), voxconverse_test_oubab(+0.004), voxconverse_test_dkabn(+0.004), voxconverse_test_isrps(+0.004), voxconverse_test_tkybe(+0.003)
  top-5 recordings carry 13% of the total |delta|

VERDICT: SUGGESTIVE — mean positive but not established (check CI / seed signs)
=== MECHANISM CHECK: did it de-flicker? (seed 1234) ===
/home/edabk/hoangbpm/diar/diar_new/third_party/icefall/egs/librispeech/ASR/zipformer/scaling.py:1310: FutureWarning: `torch.cuda.amp.custom_fwd(args...)` is deprecated. Please use `torch.amp.custom_fwd(args..., device_type='cuda')` instead.
  def forward(ctx, x, y, alpha):
/home/edabk/hoangbpm/diar/diar_new/third_party/icefall/egs/librispeech/ASR/zipformer/scaling.py:1319: FutureWarning: `torch.cuda.amp.custom_bwd(args...)` is deprecated. Please use `torch.amp.custom_bwd(args..., device_type='cuda')` instead.
  def backward(ctx, ans_grad):
/home/edabk/hoangbpm/diar/diar_new/third_party/icefall/egs/librispeech/ASR/zipformer/scaling.py:1529: FutureWarning: `torch.cuda.amp.custom_fwd(args...)` is deprecated. Please use `torch.amp.custom_fwd(args..., device_type='cuda')` instead.
  def forward(
/home/edabk/hoangbpm/diar/diar_new/third_party/icefall/egs/librispeech/ASR/zipformer/scaling.py:1568: FutureWarning: `torch.cuda.amp.custom_bwd(args...)` is deprecated. Please use `torch.amp.custom_bwd(args..., device_type='cuda')` instead.
  def backward(ctx, ans_grad: Tensor):
fatal: not a git repository (or any of the parent directories): .git
fatal: not a git repository (or any of the parent directories): .git
fatal: not a git repository (or any of the parent directories): .git
===== zipcount =====
fragmentation rate       2.410 (49,389 pred segs / 20,490 gt segs)
boundary F1 (mean/win)   0.350
overlap-onset recall     0.775  (2027/2616)
overlap-offset recall    0.868  (2272/2618)
gt overlap segments (>=50ms): 2,774
  MISSED  (<10% cov)        575  (20.7%)
  PARTIAL (10-90%)        1,157  (41.7%)
  DETECTED(>90%)          1,042  (37.6%)
