=== p5c_deform_s1234 ===
[val@1500] macroF1=0.629 f1/cls=[0.81 0.90 0.59 0.22] ovF1=0.659 vadF1=0.952
[val@3000] macroF1=0.630 f1/cls=[0.80 0.90 0.60 0.23] ovF1=0.664 vadF1=0.952
=== p5c_tcn192_s1234 ===
[val@1500] macroF1=0.631 f1/cls=[0.81 0.90 0.58 0.24] ovF1=0.656 vadF1=0.951
[val@3000] macroF1=0.630 f1/cls=[0.80 0.90 0.60 0.23] ovF1=0.664 vadF1=0.952
=== p5c_deform_s2345 ===
[val@1500] macroF1=0.638 f1/cls=[0.80 0.90 0.59 0.27] ovF1=0.660 vadF1=0.953
[val@3000] macroF1=0.633 f1/cls=[0.79 0.90 0.60 0.24] ovF1=0.666 vadF1=0.952
=== p5c_tcn192_s2345 ===
[val@1500] macroF1=0.637 f1/cls=[0.80 0.90 0.59 0.26] ovF1=0.659 vadF1=0.953
[val@3000] macroF1=0.634 f1/cls=[0.80 0.90 0.60 0.24] ovF1=0.668 vadF1=0.953
=== p5c_deform_s3456 ===
[val@1500] macroF1=0.621 f1/cls=[0.79 0.90 0.60 0.19] ovF1=0.666 vadF1=0.953
[val@3000] macroF1=0.635 f1/cls=[0.79 0.90 0.60 0.24] ovF1=0.670 vadF1=0.952
=== p5c_tcn192_s3456 ===
[val@1500] macroF1=0.627 f1/cls=[0.80 0.90 0.59 0.22] ovF1=0.656 vadF1=0.953
[val@3000] macroF1=0.635 f1/cls=[0.80 0.90 0.60 0.24] ovF1=0.668 vadF1=0.952
=== p5c_tcn256_s1234 ===
[val@1500] macroF1=0.632 f1/cls=[0.81 0.90 0.58 0.24] ovF1=0.657 vadF1=0.952
[val@3000] macroF1=0.632 f1/cls=[0.80 0.90 0.60 0.23] ovF1=0.665 vadF1=0.953
=== PHASE 5 TRAINING DONE — scoring the LOCKED step3000 endpoint ===
/home/edabk/hoangbpm/diar/diar_new/third_party/icefall/egs/librispeech/ASR/zipformer/scaling.py:1310: FutureWarning: `torch.cuda.amp.custom_fwd(args...)` is deprecated. Please use `torch.amp.custom_fwd(args..., device_type='cuda')` instead.
  def forward(ctx, x, y, alpha):
/home/edabk/hoangbpm/diar/diar_new/third_party/icefall/egs/librispeech/ASR/zipformer/scaling.py:1319: FutureWarning: `torch.cuda.amp.custom_bwd(args...)` is deprecated. Please use `torch.amp.custom_bwd(args..., device_type='cuda')` instead.
  def backward(ctx, ans_grad):
/home/edabk/hoangbpm/diar/diar_new/third_party/icefall/egs/librispeech/ASR/zipformer/scaling.py:1529: FutureWarning: `torch.cuda.amp.custom_fwd(args...)` is deprecated. Please use `torch.amp.custom_fwd(args..., device_type='cuda')` instead.
  def forward(
/home/edabk/hoangbpm/diar/diar_new/third_party/icefall/egs/librispeech/ASR/zipformer/scaling.py:1568: FutureWarning: `torch.cuda.amp.custom_bwd(args...)` is deprecated. Please use `torch.amp.custom_bwd(args..., device_type='cuda')` instead.
  def backward(ctx, ans_grad: Tensor):
fatal: not a git repository (or any of the parent directories): .git
fatal: not a git repository (or any of the parent directories): .git
fatal: not a git repository (or any of the parent directories): .git
Built Zipformer encoder: causal=True, chunk_size=(32,), left_context_frames=(128,)
Loaded: 64556023/64556023 params (100.0%)
Missing keys: 0
Unexpected keys: 0
Multi-scale hypercolumn enabled: stack dims [192, 256, 384, 512, 384, 256] -> concat dim 1984
Detected backbone output_dim: 1984
step3000.pt: pooled macro=0.5544 osd=0.4915 | unweighted-over-rec macro=0.4995 | 116 recordings -> results/p5c_deform_s1234_voxsel.json
/home/edabk/hoangbpm/diar/diar_new/third_party/icefall/egs/librispeech/ASR/zipformer/scaling.py:1310: FutureWarning: `torch.cuda.amp.custom_fwd(args...)` is deprecated. Please use `torch.amp.custom_fwd(args..., device_type='cuda')` instead.
  def forward(ctx, x, y, alpha):
/home/edabk/hoangbpm/diar/diar_new/third_party/icefall/egs/librispeech/ASR/zipformer/scaling.py:1319: FutureWarning: `torch.cuda.amp.custom_bwd(args...)` is deprecated. Please use `torch.amp.custom_bwd(args..., device_type='cuda')` instead.
  def backward(ctx, ans_grad):
/home/edabk/hoangbpm/diar/diar_new/third_party/icefall/egs/librispeech/ASR/zipformer/scaling.py:1529: FutureWarning: `torch.cuda.amp.custom_fwd(args...)` is deprecated. Please use `torch.amp.custom_fwd(args..., device_type='cuda')` instead.
  def forward(
/home/edabk/hoangbpm/diar/diar_new/third_party/icefall/egs/librispeech/ASR/zipformer/scaling.py:1568: FutureWarning: `torch.cuda.amp.custom_bwd(args...)` is deprecated. Please use `torch.amp.custom_bwd(args..., device_type='cuda')` instead.
  def backward(ctx, ans_grad: Tensor):
fatal: not a git repository (or any of the parent directories): .git
fatal: not a git repository (or any of the parent directories): .git
fatal: not a git repository (or any of the parent directories): .git
Built Zipformer encoder: causal=True, chunk_size=(32,), left_context_frames=(128,)
Loaded: 64556023/64556023 params (100.0%)
Missing keys: 0
Unexpected keys: 0
Multi-scale hypercolumn enabled: stack dims [192, 256, 384, 512, 384, 256] -> concat dim 1984
Detected backbone output_dim: 1984
step3000.pt: pooled macro=0.5616 osd=0.5075 | unweighted-over-rec macro=0.5026 | 116 recordings -> results/p5c_tcn192_s1234_voxsel.json
/home/edabk/hoangbpm/diar/diar_new/third_party/icefall/egs/librispeech/ASR/zipformer/scaling.py:1310: FutureWarning: `torch.cuda.amp.custom_fwd(args...)` is deprecated. Please use `torch.amp.custom_fwd(args..., device_type='cuda')` instead.
  def forward(ctx, x, y, alpha):
/home/edabk/hoangbpm/diar/diar_new/third_party/icefall/egs/librispeech/ASR/zipformer/scaling.py:1319: FutureWarning: `torch.cuda.amp.custom_bwd(args...)` is deprecated. Please use `torch.amp.custom_bwd(args..., device_type='cuda')` instead.
  def backward(ctx, ans_grad):
/home/edabk/hoangbpm/diar/diar_new/third_party/icefall/egs/librispeech/ASR/zipformer/scaling.py:1529: FutureWarning: `torch.cuda.amp.custom_fwd(args...)` is deprecated. Please use `torch.amp.custom_fwd(args..., device_type='cuda')` instead.
  def forward(
/home/edabk/hoangbpm/diar/diar_new/third_party/icefall/egs/librispeech/ASR/zipformer/scaling.py:1568: FutureWarning: `torch.cuda.amp.custom_bwd(args...)` is deprecated. Please use `torch.amp.custom_bwd(args..., device_type='cuda')` instead.
  def backward(ctx, ans_grad: Tensor):
fatal: not a git repository (or any of the parent directories): .git
fatal: not a git repository (or any of the parent directories): .git
fatal: not a git repository (or any of the parent directories): .git
Built Zipformer encoder: causal=True, chunk_size=(32,), left_context_frames=(128,)
Loaded: 64556023/64556023 params (100.0%)
Missing keys: 0
Unexpected keys: 0
Multi-scale hypercolumn enabled: stack dims [192, 256, 384, 512, 384, 256] -> concat dim 1984
Detected backbone output_dim: 1984
step3000.pt: pooled macro=0.5618 osd=0.5010 | unweighted-over-rec macro=0.5027 | 116 recordings -> results/p5c_deform_s2345_voxsel.json
/home/edabk/hoangbpm/diar/diar_new/third_party/icefall/egs/librispeech/ASR/zipformer/scaling.py:1310: FutureWarning: `torch.cuda.amp.custom_fwd(args...)` is deprecated. Please use `torch.amp.custom_fwd(args..., device_type='cuda')` instead.
  def forward(ctx, x, y, alpha):
/home/edabk/hoangbpm/diar/diar_new/third_party/icefall/egs/librispeech/ASR/zipformer/scaling.py:1319: FutureWarning: `torch.cuda.amp.custom_bwd(args...)` is deprecated. Please use `torch.amp.custom_bwd(args..., device_type='cuda')` instead.
  def backward(ctx, ans_grad):
/home/edabk/hoangbpm/diar/diar_new/third_party/icefall/egs/librispeech/ASR/zipformer/scaling.py:1529: FutureWarning: `torch.cuda.amp.custom_fwd(args...)` is deprecated. Please use `torch.amp.custom_fwd(args..., device_type='cuda')` instead.
  def forward(
/home/edabk/hoangbpm/diar/diar_new/third_party/icefall/egs/librispeech/ASR/zipformer/scaling.py:1568: FutureWarning: `torch.cuda.amp.custom_bwd(args...)` is deprecated. Please use `torch.amp.custom_bwd(args..., device_type='cuda')` instead.
  def backward(ctx, ans_grad: Tensor):
fatal: not a git repository (or any of the parent directories): .git
fatal: not a git repository (or any of the parent directories): .git
fatal: not a git repository (or any of the parent directories): .git
Built Zipformer encoder: causal=True, chunk_size=(32,), left_context_frames=(128,)
Loaded: 64556023/64556023 params (100.0%)
Missing keys: 0
Unexpected keys: 0
Multi-scale hypercolumn enabled: stack dims [192, 256, 384, 512, 384, 256] -> concat dim 1984
Detected backbone output_dim: 1984
step3000.pt: pooled macro=0.5660 osd=0.5152 | unweighted-over-rec macro=0.5042 | 116 recordings -> results/p5c_tcn192_s2345_voxsel.json
/home/edabk/hoangbpm/diar/diar_new/third_party/icefall/egs/librispeech/ASR/zipformer/scaling.py:1310: FutureWarning: `torch.cuda.amp.custom_fwd(args...)` is deprecated. Please use `torch.amp.custom_fwd(args..., device_type='cuda')` instead.
  def forward(ctx, x, y, alpha):
/home/edabk/hoangbpm/diar/diar_new/third_party/icefall/egs/librispeech/ASR/zipformer/scaling.py:1319: FutureWarning: `torch.cuda.amp.custom_bwd(args...)` is deprecated. Please use `torch.amp.custom_bwd(args..., device_type='cuda')` instead.
  def backward(ctx, ans_grad):
/home/edabk/hoangbpm/diar/diar_new/third_party/icefall/egs/librispeech/ASR/zipformer/scaling.py:1529: FutureWarning: `torch.cuda.amp.custom_fwd(args...)` is deprecated. Please use `torch.amp.custom_fwd(args..., device_type='cuda')` instead.
  def forward(
/home/edabk/hoangbpm/diar/diar_new/third_party/icefall/egs/librispeech/ASR/zipformer/scaling.py:1568: FutureWarning: `torch.cuda.amp.custom_bwd(args...)` is deprecated. Please use `torch.amp.custom_bwd(args..., device_type='cuda')` instead.
  def backward(ctx, ans_grad: Tensor):
fatal: not a git repository (or any of the parent directories): .git
fatal: not a git repository (or any of the parent directories): .git
fatal: not a git repository (or any of the parent directories): .git
Built Zipformer encoder: causal=True, chunk_size=(32,), left_context_frames=(128,)
Loaded: 64556023/64556023 params (100.0%)
Missing keys: 0
Unexpected keys: 0
Multi-scale hypercolumn enabled: stack dims [192, 256, 384, 512, 384, 256] -> concat dim 1984
Detected backbone output_dim: 1984
step3000.pt: pooled macro=0.5621 osd=0.4988 | unweighted-over-rec macro=0.5022 | 116 recordings -> results/p5c_deform_s3456_voxsel.json
/home/edabk/hoangbpm/diar/diar_new/third_party/icefall/egs/librispeech/ASR/zipformer/scaling.py:1310: FutureWarning: `torch.cuda.amp.custom_fwd(args...)` is deprecated. Please use `torch.amp.custom_fwd(args..., device_type='cuda')` instead.
  def forward(ctx, x, y, alpha):
/home/edabk/hoangbpm/diar/diar_new/third_party/icefall/egs/librispeech/ASR/zipformer/scaling.py:1319: FutureWarning: `torch.cuda.amp.custom_bwd(args...)` is deprecated. Please use `torch.amp.custom_bwd(args..., device_type='cuda')` instead.
  def backward(ctx, ans_grad):
/home/edabk/hoangbpm/diar/diar_new/third_party/icefall/egs/librispeech/ASR/zipformer/scaling.py:1529: FutureWarning: `torch.cuda.amp.custom_fwd(args...)` is deprecated. Please use `torch.amp.custom_fwd(args..., device_type='cuda')` instead.
  def forward(
/home/edabk/hoangbpm/diar/diar_new/third_party/icefall/egs/librispeech/ASR/zipformer/scaling.py:1568: FutureWarning: `torch.cuda.amp.custom_bwd(args...)` is deprecated. Please use `torch.amp.custom_bwd(args..., device_type='cuda')` instead.
  def backward(ctx, ans_grad: Tensor):
fatal: not a git repository (or any of the parent directories): .git
fatal: not a git repository (or any of the parent directories): .git
fatal: not a git repository (or any of the parent directories): .git
Built Zipformer encoder: causal=True, chunk_size=(32,), left_context_frames=(128,)
Loaded: 64556023/64556023 params (100.0%)
Missing keys: 0
Unexpected keys: 0
Multi-scale hypercolumn enabled: stack dims [192, 256, 384, 512, 384, 256] -> concat dim 1984
Detected backbone output_dim: 1984
step3000.pt: pooled macro=0.5653 osd=0.5062 | unweighted-over-rec macro=0.5042 | 116 recordings -> results/p5c_tcn192_s3456_voxsel.json
/home/edabk/hoangbpm/diar/diar_new/third_party/icefall/egs/librispeech/ASR/zipformer/scaling.py:1310: FutureWarning: `torch.cuda.amp.custom_fwd(args...)` is deprecated. Please use `torch.amp.custom_fwd(args..., device_type='cuda')` instead.
  def forward(ctx, x, y, alpha):
/home/edabk/hoangbpm/diar/diar_new/third_party/icefall/egs/librispeech/ASR/zipformer/scaling.py:1319: FutureWarning: `torch.cuda.amp.custom_bwd(args...)` is deprecated. Please use `torch.amp.custom_bwd(args..., device_type='cuda')` instead.
  def backward(ctx, ans_grad):
/home/edabk/hoangbpm/diar/diar_new/third_party/icefall/egs/librispeech/ASR/zipformer/scaling.py:1529: FutureWarning: `torch.cuda.amp.custom_fwd(args...)` is deprecated. Please use `torch.amp.custom_fwd(args..., device_type='cuda')` instead.
  def forward(
/home/edabk/hoangbpm/diar/diar_new/third_party/icefall/egs/librispeech/ASR/zipformer/scaling.py:1568: FutureWarning: `torch.cuda.amp.custom_bwd(args...)` is deprecated. Please use `torch.amp.custom_bwd(args..., device_type='cuda')` instead.
  def backward(ctx, ans_grad: Tensor):
fatal: not a git repository (or any of the parent directories): .git
fatal: not a git repository (or any of the parent directories): .git
fatal: not a git repository (or any of the parent directories): .git
Built Zipformer encoder: causal=True, chunk_size=(32,), left_context_frames=(128,)
Loaded: 64556023/64556023 params (100.0%)
Missing keys: 0
Unexpected keys: 0
Multi-scale hypercolumn enabled: stack dims [192, 256, 384, 512, 384, 256] -> concat dim 1984
Detected backbone output_dim: 1984
step3000.pt: pooled macro=0.5671 osd=0.5195 | unweighted-over-rec macro=0.5049 | 116 recordings -> results/p5c_tcn256_s1234_voxsel.json
=== PRIMARY: tcn192 vs deform (param-matched, paired) ===
=== tcn192  vs  deform   [macro_f1] ===

per-seed (paired: same seed, same batch order):
  seed1: deform=0.5544  tcn192=0.5616  delta=+0.0072
  seed2: deform=0.5618  tcn192=0.5660  delta=+0.0043
  seed3: deform=0.5621  tcn192=0.5653  delta=+0.0032
  -> mean delta +0.0049, all same sign: True

recording-level paired bootstrap (116 recordings, seeds averaged):
  mean delta +0.0021   95% CI [+0.0006, +0.0038]
  recordings improved: 75/116
  CI excludes zero: True

  most negative recordings: voxconverse_test_kpjud(-0.034), voxconverse_test_uevxo(-0.014), voxconverse_test_mjmgr(-0.011), voxconverse_test_vuewy(-0.010), voxconverse_test_zfzlc(-0.008)
  most positive recordings: voxconverse_test_fowhl(+0.062), voxconverse_test_vylyk(+0.025), voxconverse_test_vgaez(+0.016), voxconverse_test_leneg(+0.014), voxconverse_test_eddje(+0.014)
  top-5 recordings carry 22% of the total |delta|

VERDICT: REAL — positive across all seeds and recording CI excludes zero
=== MECHANISM: fragmentation / boundary F1 (seed 1234, both arms) ===
--- deform_s1234 ---
/home/edabk/hoangbpm/diar/diar_new/third_party/icefall/egs/librispeech/ASR/zipformer/scaling.py:1310: FutureWarning: `torch.cuda.amp.custom_fwd(args...)` is deprecated. Please use `torch.amp.custom_fwd(args..., device_type='cuda')` instead.
  def forward(ctx, x, y, alpha):
/home/edabk/hoangbpm/diar/diar_new/third_party/icefall/egs/librispeech/ASR/zipformer/scaling.py:1319: FutureWarning: `torch.cuda.amp.custom_bwd(args...)` is deprecated. Please use `torch.amp.custom_bwd(args..., device_type='cuda')` instead.
  def backward(ctx, ans_grad):
/home/edabk/hoangbpm/diar/diar_new/third_party/icefall/egs/librispeech/ASR/zipformer/scaling.py:1529: FutureWarning: `torch.cuda.amp.custom_fwd(args...)` is deprecated. Please use `torch.amp.custom_fwd(args..., device_type='cuda')` instead.
  def forward(
/home/edabk/hoangbpm/diar/diar_new/third_party/icefall/egs/librispeech/ASR/zipformer/scaling.py:1568: FutureWarning: `torch.cuda.amp.custom_bwd(args...)` is deprecated. Please use `torch.amp.custom_bwd(args..., device_type='cuda')` instead.
  def backward(ctx, ans_grad: Tensor):
fatal: not a git repository (or any of the parent directories): .git
fatal: not a git repository (or any of the parent directories): .git
fatal: not a git repository (or any of the parent directories): .git
===== zipcount =====
fragmentation rate       2.570 (52,667 pred segs / 20,490 gt segs)
boundary F1 (mean/win)   0.338
overlap-onset recall     0.769  (2013/2616)
overlap-offset recall    0.880  (2303/2618)
gt overlap segments (>=50ms): 2,774
  MISSED  (<10% cov)        580  (20.9%)
  PARTIAL (10-90%)        1,185  (42.7%)
  DETECTED(>90%)          1,009  (36.4%)
--- tcn192_s1234 ---
/home/edabk/hoangbpm/diar/diar_new/third_party/icefall/egs/librispeech/ASR/zipformer/scaling.py:1310: FutureWarning: `torch.cuda.amp.custom_fwd(args...)` is deprecated. Please use `torch.amp.custom_fwd(args..., device_type='cuda')` instead.
  def forward(ctx, x, y, alpha):
/home/edabk/hoangbpm/diar/diar_new/third_party/icefall/egs/librispeech/ASR/zipformer/scaling.py:1319: FutureWarning: `torch.cuda.amp.custom_bwd(args...)` is deprecated. Please use `torch.amp.custom_bwd(args..., device_type='cuda')` instead.
  def backward(ctx, ans_grad):
/home/edabk/hoangbpm/diar/diar_new/third_party/icefall/egs/librispeech/ASR/zipformer/scaling.py:1529: FutureWarning: `torch.cuda.amp.custom_fwd(args...)` is deprecated. Please use `torch.amp.custom_fwd(args..., device_type='cuda')` instead.
  def forward(
/home/edabk/hoangbpm/diar/diar_new/third_party/icefall/egs/librispeech/ASR/zipformer/scaling.py:1568: FutureWarning: `torch.cuda.amp.custom_bwd(args...)` is deprecated. Please use `torch.amp.custom_bwd(args..., device_type='cuda')` instead.
  def backward(ctx, ans_grad: Tensor):
fatal: not a git repository (or any of the parent directories): .git
fatal: not a git repository (or any of the parent directories): .git
fatal: not a git repository (or any of the parent directories): .git
===== zipcount =====
fragmentation rate       2.406 (49,292 pred segs / 20,490 gt segs)
boundary F1 (mean/win)   0.347
overlap-onset recall     0.762  (1993/2616)
overlap-offset recall    0.865  (2264/2618)
gt overlap segments (>=50ms): 2,774
  MISSED  (<10% cov)        589  (21.2%)
  PARTIAL (10-90%)        1,131  (40.8%)
  DETECTED(>90%)          1,054  (38.0%)
=== p6c_deformft_s1234 (full finetune from p5c head, seed=1234) ===
[val@400] macroF1=0.643 f1/cls=[0.80 0.90 0.60 0.27] ovF1=0.673 vadF1=0.951
=== p6c_tcnft_s1234 (full finetune from p5c head, seed=1234) ===
[val@400] macroF1=0.644 f1/cls=[0.81 0.90 0.60 0.28] ovF1=0.672 vadF1=0.952
=== p6c_deformft_s2345 (full finetune from p5c head, seed=2345) ===
[val@400] macroF1=0.633 f1/cls=[0.80 0.90 0.61 0.23] ovF1=0.672 vadF1=0.953
=== p6c_tcnft_s2345 (full finetune from p5c head, seed=2345) ===
[val@400] macroF1=0.633 f1/cls=[0.80 0.90 0.60 0.23] ovF1=0.670 vadF1=0.953
=== p6c_deformft_s3456 (full finetune from p5c head, seed=3456) ===
[val@400] macroF1=0.640 f1/cls=[0.81 0.90 0.60 0.26] ovF1=0.667 vadF1=0.951
=== p6c_tcnft_s3456 (full finetune from p5c head, seed=3456) ===
[val@400] macroF1=0.643 f1/cls=[0.81 0.90 0.60 0.27] ovF1=0.670 vadF1=0.952
=== PHASE 6 TRAINING DONE — scoring the LOCKED step400 endpoint ===
/home/edabk/hoangbpm/diar/diar_new/third_party/icefall/egs/librispeech/ASR/zipformer/scaling.py:1310: FutureWarning: `torch.cuda.amp.custom_fwd(args...)` is deprecated. Please use `torch.amp.custom_fwd(args..., device_type='cuda')` instead.
  def forward(ctx, x, y, alpha):
/home/edabk/hoangbpm/diar/diar_new/third_party/icefall/egs/librispeech/ASR/zipformer/scaling.py:1319: FutureWarning: `torch.cuda.amp.custom_bwd(args...)` is deprecated. Please use `torch.amp.custom_bwd(args..., device_type='cuda')` instead.
  def backward(ctx, ans_grad):
/home/edabk/hoangbpm/diar/diar_new/third_party/icefall/egs/librispeech/ASR/zipformer/scaling.py:1529: FutureWarning: `torch.cuda.amp.custom_fwd(args...)` is deprecated. Please use `torch.amp.custom_fwd(args..., device_type='cuda')` instead.
  def forward(
/home/edabk/hoangbpm/diar/diar_new/third_party/icefall/egs/librispeech/ASR/zipformer/scaling.py:1568: FutureWarning: `torch.cuda.amp.custom_bwd(args...)` is deprecated. Please use `torch.amp.custom_bwd(args..., device_type='cuda')` instead.
  def backward(ctx, ans_grad: Tensor):
fatal: not a git repository (or any of the parent directories): .git
fatal: not a git repository (or any of the parent directories): .git
fatal: not a git repository (or any of the parent directories): .git
Built Zipformer encoder: causal=True, chunk_size=(32,), left_context_frames=(128,)
Loaded: 64556023/64556023 params (100.0%)
Missing keys: 0
Unexpected keys: 0
Multi-scale hypercolumn enabled: stack dims [192, 256, 384, 512, 384, 256] -> concat dim 1984
Detected backbone output_dim: 1984
step400.pt: pooled macro=0.5727 osd=0.5301 | unweighted-over-rec macro=0.5065 | 116 recordings -> results/p6c_deformft_s1234_voxsel.json
/home/edabk/hoangbpm/diar/diar_new/third_party/icefall/egs/librispeech/ASR/zipformer/scaling.py:1310: FutureWarning: `torch.cuda.amp.custom_fwd(args...)` is deprecated. Please use `torch.amp.custom_fwd(args..., device_type='cuda')` instead.
  def forward(ctx, x, y, alpha):
/home/edabk/hoangbpm/diar/diar_new/third_party/icefall/egs/librispeech/ASR/zipformer/scaling.py:1319: FutureWarning: `torch.cuda.amp.custom_bwd(args...)` is deprecated. Please use `torch.amp.custom_bwd(args..., device_type='cuda')` instead.
  def backward(ctx, ans_grad):
/home/edabk/hoangbpm/diar/diar_new/third_party/icefall/egs/librispeech/ASR/zipformer/scaling.py:1529: FutureWarning: `torch.cuda.amp.custom_fwd(args...)` is deprecated. Please use `torch.amp.custom_fwd(args..., device_type='cuda')` instead.
  def forward(
/home/edabk/hoangbpm/diar/diar_new/third_party/icefall/egs/librispeech/ASR/zipformer/scaling.py:1568: FutureWarning: `torch.cuda.amp.custom_bwd(args...)` is deprecated. Please use `torch.amp.custom_bwd(args..., device_type='cuda')` instead.
  def backward(ctx, ans_grad: Tensor):
fatal: not a git repository (or any of the parent directories): .git
fatal: not a git repository (or any of the parent directories): .git
fatal: not a git repository (or any of the parent directories): .git
Built Zipformer encoder: causal=True, chunk_size=(32,), left_context_frames=(128,)
Loaded: 64556023/64556023 params (100.0%)
Missing keys: 0
Unexpected keys: 0
Multi-scale hypercolumn enabled: stack dims [192, 256, 384, 512, 384, 256] -> concat dim 1984
Detected backbone output_dim: 1984
step400.pt: pooled macro=0.5774 osd=0.5404 | unweighted-over-rec macro=0.5090 | 116 recordings -> results/p6c_tcnft_s1234_voxsel.json
/home/edabk/hoangbpm/diar/diar_new/third_party/icefall/egs/librispeech/ASR/zipformer/scaling.py:1310: FutureWarning: `torch.cuda.amp.custom_fwd(args...)` is deprecated. Please use `torch.amp.custom_fwd(args..., device_type='cuda')` instead.
  def forward(ctx, x, y, alpha):
/home/edabk/hoangbpm/diar/diar_new/third_party/icefall/egs/librispeech/ASR/zipformer/scaling.py:1319: FutureWarning: `torch.cuda.amp.custom_bwd(args...)` is deprecated. Please use `torch.amp.custom_bwd(args..., device_type='cuda')` instead.
  def backward(ctx, ans_grad):
/home/edabk/hoangbpm/diar/diar_new/third_party/icefall/egs/librispeech/ASR/zipformer/scaling.py:1529: FutureWarning: `torch.cuda.amp.custom_fwd(args...)` is deprecated. Please use `torch.amp.custom_fwd(args..., device_type='cuda')` instead.
  def forward(
/home/edabk/hoangbpm/diar/diar_new/third_party/icefall/egs/librispeech/ASR/zipformer/scaling.py:1568: FutureWarning: `torch.cuda.amp.custom_bwd(args...)` is deprecated. Please use `torch.amp.custom_bwd(args..., device_type='cuda')` instead.
  def backward(ctx, ans_grad: Tensor):
fatal: not a git repository (or any of the parent directories): .git
fatal: not a git repository (or any of the parent directories): .git
fatal: not a git repository (or any of the parent directories): .git
Built Zipformer encoder: causal=True, chunk_size=(32,), left_context_frames=(128,)
Loaded: 64556023/64556023 params (100.0%)
Missing keys: 0
Unexpected keys: 0
Multi-scale hypercolumn enabled: stack dims [192, 256, 384, 512, 384, 256] -> concat dim 1984
Detected backbone output_dim: 1984
step400.pt: pooled macro=0.5355 osd=0.4618 | unweighted-over-rec macro=0.4837 | 116 recordings -> results/p6c_deformft_s2345_voxsel.json
/home/edabk/hoangbpm/diar/diar_new/third_party/icefall/egs/librispeech/ASR/zipformer/scaling.py:1310: FutureWarning: `torch.cuda.amp.custom_fwd(args...)` is deprecated. Please use `torch.amp.custom_fwd(args..., device_type='cuda')` instead.
  def forward(ctx, x, y, alpha):
/home/edabk/hoangbpm/diar/diar_new/third_party/icefall/egs/librispeech/ASR/zipformer/scaling.py:1319: FutureWarning: `torch.cuda.amp.custom_bwd(args...)` is deprecated. Please use `torch.amp.custom_bwd(args..., device_type='cuda')` instead.
  def backward(ctx, ans_grad):
/home/edabk/hoangbpm/diar/diar_new/third_party/icefall/egs/librispeech/ASR/zipformer/scaling.py:1529: FutureWarning: `torch.cuda.amp.custom_fwd(args...)` is deprecated. Please use `torch.amp.custom_fwd(args..., device_type='cuda')` instead.
  def forward(
/home/edabk/hoangbpm/diar/diar_new/third_party/icefall/egs/librispeech/ASR/zipformer/scaling.py:1568: FutureWarning: `torch.cuda.amp.custom_bwd(args...)` is deprecated. Please use `torch.amp.custom_bwd(args..., device_type='cuda')` instead.
  def backward(ctx, ans_grad: Tensor):
fatal: not a git repository (or any of the parent directories): .git
fatal: not a git repository (or any of the parent directories): .git
fatal: not a git repository (or any of the parent directories): .git
Built Zipformer encoder: causal=True, chunk_size=(32,), left_context_frames=(128,)
Loaded: 64556023/64556023 params (100.0%)
Missing keys: 0
Unexpected keys: 0
Multi-scale hypercolumn enabled: stack dims [192, 256, 384, 512, 384, 256] -> concat dim 1984
Detected backbone output_dim: 1984
step400.pt: pooled macro=0.5374 osd=0.4661 | unweighted-over-rec macro=0.4850 | 116 recordings -> results/p6c_tcnft_s2345_voxsel.json
/home/edabk/hoangbpm/diar/diar_new/third_party/icefall/egs/librispeech/ASR/zipformer/scaling.py:1310: FutureWarning: `torch.cuda.amp.custom_fwd(args...)` is deprecated. Please use `torch.amp.custom_fwd(args..., device_type='cuda')` instead.
  def forward(ctx, x, y, alpha):
/home/edabk/hoangbpm/diar/diar_new/third_party/icefall/egs/librispeech/ASR/zipformer/scaling.py:1319: FutureWarning: `torch.cuda.amp.custom_bwd(args...)` is deprecated. Please use `torch.amp.custom_bwd(args..., device_type='cuda')` instead.
  def backward(ctx, ans_grad):
/home/edabk/hoangbpm/diar/diar_new/third_party/icefall/egs/librispeech/ASR/zipformer/scaling.py:1529: FutureWarning: `torch.cuda.amp.custom_fwd(args...)` is deprecated. Please use `torch.amp.custom_fwd(args..., device_type='cuda')` instead.
  def forward(
/home/edabk/hoangbpm/diar/diar_new/third_party/icefall/egs/librispeech/ASR/zipformer/scaling.py:1568: FutureWarning: `torch.cuda.amp.custom_bwd(args...)` is deprecated. Please use `torch.amp.custom_bwd(args..., device_type='cuda')` instead.
  def backward(ctx, ans_grad: Tensor):
fatal: not a git repository (or any of the parent directories): .git
fatal: not a git repository (or any of the parent directories): .git
fatal: not a git repository (or any of the parent directories): .git
Built Zipformer encoder: causal=True, chunk_size=(32,), left_context_frames=(128,)
Loaded: 64556023/64556023 params (100.0%)
Missing keys: 0
Unexpected keys: 0
Multi-scale hypercolumn enabled: stack dims [192, 256, 384, 512, 384, 256] -> concat dim 1984
Detected backbone output_dim: 1984
step400.pt: pooled macro=0.5674 osd=0.5093 | unweighted-over-rec macro=0.5048 | 116 recordings -> results/p6c_deformft_s3456_voxsel.json
/home/edabk/hoangbpm/diar/diar_new/third_party/icefall/egs/librispeech/ASR/zipformer/scaling.py:1310: FutureWarning: `torch.cuda.amp.custom_fwd(args...)` is deprecated. Please use `torch.amp.custom_fwd(args..., device_type='cuda')` instead.
  def forward(ctx, x, y, alpha):
/home/edabk/hoangbpm/diar/diar_new/third_party/icefall/egs/librispeech/ASR/zipformer/scaling.py:1319: FutureWarning: `torch.cuda.amp.custom_bwd(args...)` is deprecated. Please use `torch.amp.custom_bwd(args..., device_type='cuda')` instead.
  def backward(ctx, ans_grad):
/home/edabk/hoangbpm/diar/diar_new/third_party/icefall/egs/librispeech/ASR/zipformer/scaling.py:1529: FutureWarning: `torch.cuda.amp.custom_fwd(args...)` is deprecated. Please use `torch.amp.custom_fwd(args..., device_type='cuda')` instead.
  def forward(
/home/edabk/hoangbpm/diar/diar_new/third_party/icefall/egs/librispeech/ASR/zipformer/scaling.py:1568: FutureWarning: `torch.cuda.amp.custom_bwd(args...)` is deprecated. Please use `torch.amp.custom_bwd(args..., device_type='cuda')` instead.
  def backward(ctx, ans_grad: Tensor):
fatal: not a git repository (or any of the parent directories): .git
fatal: not a git repository (or any of the parent directories): .git
fatal: not a git repository (or any of the parent directories): .git
Built Zipformer encoder: causal=True, chunk_size=(32,), left_context_frames=(128,)
Loaded: 64556023/64556023 params (100.0%)
Missing keys: 0
Unexpected keys: 0
Multi-scale hypercolumn enabled: stack dims [192, 256, 384, 512, 384, 256] -> concat dim 1984
Detected backbone output_dim: 1984
step400.pt: pooled macro=0.5675 osd=0.5036 | unweighted-over-rec macro=0.5051 | 116 recordings -> results/p6c_tcnft_s3456_voxsel.json
=== PRIMARY: tcnft vs deformft (symmetric lineages, paired) ===
=== tcn-ft  vs  deform-ft   [macro_f1] ===

per-seed (paired: same seed, same batch order):
  seed1: deform-ft=0.5727  tcn-ft=0.5774  delta=+0.0047
  seed2: deform-ft=0.5355  tcn-ft=0.5374  delta=+0.0019
  seed3: deform-ft=0.5674  tcn-ft=0.5675  delta=+0.0001
  -> mean delta +0.0022, all same sign: True

recording-level paired bootstrap (116 recordings, seeds averaged):
  mean delta +0.0014   95% CI [-0.0005, +0.0033]
  recordings improved: 64/116
  CI excludes zero: False

  most negative recordings: voxconverse_test_kpjud(-0.046), voxconverse_test_gfneh(-0.027), voxconverse_test_uevxo(-0.015), voxconverse_test_mjmgr(-0.012), voxconverse_test_myjoe(-0.008)
  most positive recordings: voxconverse_test_fowhl(+0.069), voxconverse_test_wwzsk(+0.027), voxconverse_test_wcxfk(+0.026), voxconverse_test_vylyk(+0.023), voxconverse_test_wdvva(+0.016)
  top-5 recordings carry 25% of the total |delta|

VERDICT: SUGGESTIVE — mean positive but not established (check CI / seed signs)
=== SECONDARY: tcnft vs historical incumbent p2_ctrl (system) ===
=== tcn-ft  vs  p2_ctrl   [macro_f1] ===

per-seed (paired: same seed, same batch order):
  seed1: p2_ctrl=0.5620  tcn-ft=0.5774  delta=+0.0154
  seed2: p2_ctrl=0.5426  tcn-ft=0.5374  delta=-0.0053
  seed3: p2_ctrl=0.5606  tcn-ft=0.5675  delta=+0.0068
  -> mean delta +0.0057, all same sign: False

recording-level paired bootstrap (116 recordings, seeds averaged):
  mean delta +0.0050   95% CI [+0.0028, +0.0074]
  recordings improved: 77/116
  CI excludes zero: True

  most negative recordings: voxconverse_test_jttar(-0.028), voxconverse_test_eucfa(-0.027), voxconverse_test_mxdpo(-0.015), voxconverse_test_ralnu(-0.014), voxconverse_test_tbjqx(-0.014)
  most positive recordings: voxconverse_test_wcxfk(+0.068), voxconverse_test_sfdvy(+0.033), voxconverse_test_auzru(+0.027), voxconverse_test_ikhje(+0.026), voxconverse_test_hcyak(+0.025)
  top-5 recordings carry 15% of the total |delta|

VERDICT: SUGGESTIVE — mean positive but not established (check CI / seed signs)
=== MECHANISM (seed 1234, both arms) ===
--- deformft ---
/home/edabk/hoangbpm/diar/diar_new/third_party/icefall/egs/librispeech/ASR/zipformer/scaling.py:1310: FutureWarning: `torch.cuda.amp.custom_fwd(args...)` is deprecated. Please use `torch.amp.custom_fwd(args..., device_type='cuda')` instead.
  def forward(ctx, x, y, alpha):
/home/edabk/hoangbpm/diar/diar_new/third_party/icefall/egs/librispeech/ASR/zipformer/scaling.py:1319: FutureWarning: `torch.cuda.amp.custom_bwd(args...)` is deprecated. Please use `torch.amp.custom_bwd(args..., device_type='cuda')` instead.
  def backward(ctx, ans_grad):
/home/edabk/hoangbpm/diar/diar_new/third_party/icefall/egs/librispeech/ASR/zipformer/scaling.py:1529: FutureWarning: `torch.cuda.amp.custom_fwd(args...)` is deprecated. Please use `torch.amp.custom_fwd(args..., device_type='cuda')` instead.
  def forward(
/home/edabk/hoangbpm/diar/diar_new/third_party/icefall/egs/librispeech/ASR/zipformer/scaling.py:1568: FutureWarning: `torch.cuda.amp.custom_bwd(args...)` is deprecated. Please use `torch.amp.custom_bwd(args..., device_type='cuda')` instead.
  def backward(ctx, ans_grad: Tensor):
fatal: not a git repository (or any of the parent directories): .git
fatal: not a git repository (or any of the parent directories): .git
fatal: not a git repository (or any of the parent directories): .git
===== zipcount =====
fragmentation rate       2.441 (50,012 pred segs / 20,490 gt segs)
boundary F1 (mean/win)   0.349
overlap-onset recall     0.739  (1933/2616)
overlap-offset recall    0.898  (2352/2618)
gt overlap segments (>=50ms): 2,774
  MISSED  (<10% cov)        673  (24.3%)
  PARTIAL (10-90%)        1,189  (42.9%)
  DETECTED(>90%)            912  (32.9%)
  fragments per non-missed segment: mean 2.45
--- tcnft ---
/home/edabk/hoangbpm/diar/diar_new/third_party/icefall/egs/librispeech/ASR/zipformer/scaling.py:1310: FutureWarning: `torch.cuda.amp.custom_fwd(args...)` is deprecated. Please use `torch.amp.custom_fwd(args..., device_type='cuda')` instead.
  def forward(ctx, x, y, alpha):
/home/edabk/hoangbpm/diar/diar_new/third_party/icefall/egs/librispeech/ASR/zipformer/scaling.py:1319: FutureWarning: `torch.cuda.amp.custom_bwd(args...)` is deprecated. Please use `torch.amp.custom_bwd(args..., device_type='cuda')` instead.
  def backward(ctx, ans_grad):
/home/edabk/hoangbpm/diar/diar_new/third_party/icefall/egs/librispeech/ASR/zipformer/scaling.py:1529: FutureWarning: `torch.cuda.amp.custom_fwd(args...)` is deprecated. Please use `torch.amp.custom_fwd(args..., device_type='cuda')` instead.
  def forward(
/home/edabk/hoangbpm/diar/diar_new/third_party/icefall/egs/librispeech/ASR/zipformer/scaling.py:1568: FutureWarning: `torch.cuda.amp.custom_bwd(args...)` is deprecated. Please use `torch.amp.custom_bwd(args..., device_type='cuda')` instead.
  def backward(ctx, ans_grad: Tensor):
fatal: not a git repository (or any of the parent directories): .git
fatal: not a git repository (or any of the parent directories): .git
fatal: not a git repository (or any of the parent directories): .git
===== zipcount =====
fragmentation rate       2.364 (48,432 pred segs / 20,490 gt segs)
boundary F1 (mean/win)   0.356
overlap-onset recall     0.724  (1895/2616)
overlap-offset recall    0.889  (2327/2618)
gt overlap segments (>=50ms): 2,774
  MISSED  (<10% cov)        662  (23.9%)
  PARTIAL (10-90%)        1,170  (42.2%)
  DETECTED(>90%)            942  (34.0%)
  fragments per non-missed segment: mean 2.36
