=== probe_stack0_s1234 (stack 0 only) ===
/home/edabk/hoangbpm/diar/diar_new/third_party/icefall/egs/librispeech/ASR/zipformer/scaling.py:1310: FutureWarning: `torch.cuda.amp.custom_fwd(args...)` is deprecated. Please use `torch.amp.custom_fwd(args..., device_type='cuda')` instead.
  def forward(ctx, x, y, alpha):
/home/edabk/hoangbpm/diar/diar_new/third_party/icefall/egs/librispeech/ASR/zipformer/scaling.py:1319: FutureWarning: `torch.cuda.amp.custom_bwd(args...)` is deprecated. Please use `torch.amp.custom_bwd(args..., device_type='cuda')` instead.
  def backward(ctx, ans_grad):
/home/edabk/hoangbpm/diar/diar_new/third_party/icefall/egs/librispeech/ASR/zipformer/scaling.py:1529: FutureWarning: `torch.cuda.amp.custom_fwd(args...)` is deprecated. Please use `torch.amp.custom_fwd(args..., device_type='cuda')` instead.
  def forward(
/home/edabk/hoangbpm/diar/diar_new/third_party/icefall/egs/librispeech/ASR/zipformer/scaling.py:1568: FutureWarning: `torch.cuda.amp.custom_bwd(args...)` is deprecated. Please use `torch.amp.custom_bwd(args..., device_type='cuda')` instead.
  def backward(ctx, ans_grad: Tensor):
fatal: not a git repository (or any of the parent directories): .git
fatal: not a git repository (or any of the parent directories): .git
fatal: not a git repository (or any of the parent directories): .git
Built Zipformer encoder: causal=True, chunk_size=(32,), left_context_frames=(128,)
Loaded: 64556023/64556023 params (100.0%)
Missing keys: 0
Unexpected keys: 0
Multi-scale hypercolumn enabled: stack dims [192, 256, 384, 512, 384, 256] + final=False (alignment=average) -> concat dim 1984
Detected backbone output_dim: 1984
step3000.pt: pooled macro=0.5430 osd=0.4930 | unweighted-over-rec macro=0.4893 | 116 recordings -> results/probe_stack0_s1234_voxsel.json
=== probe_stack1_s1234 (stack 1 only) ===
/home/edabk/hoangbpm/diar/diar_new/third_party/icefall/egs/librispeech/ASR/zipformer/scaling.py:1310: FutureWarning: `torch.cuda.amp.custom_fwd(args...)` is deprecated. Please use `torch.amp.custom_fwd(args..., device_type='cuda')` instead.
  def forward(ctx, x, y, alpha):
/home/edabk/hoangbpm/diar/diar_new/third_party/icefall/egs/librispeech/ASR/zipformer/scaling.py:1319: FutureWarning: `torch.cuda.amp.custom_bwd(args...)` is deprecated. Please use `torch.amp.custom_bwd(args..., device_type='cuda')` instead.
  def backward(ctx, ans_grad):
/home/edabk/hoangbpm/diar/diar_new/third_party/icefall/egs/librispeech/ASR/zipformer/scaling.py:1529: FutureWarning: `torch.cuda.amp.custom_fwd(args...)` is deprecated. Please use `torch.amp.custom_fwd(args..., device_type='cuda')` instead.
  def forward(
/home/edabk/hoangbpm/diar/diar_new/third_party/icefall/egs/librispeech/ASR/zipformer/scaling.py:1568: FutureWarning: `torch.cuda.amp.custom_bwd(args...)` is deprecated. Please use `torch.amp.custom_bwd(args..., device_type='cuda')` instead.
  def backward(ctx, ans_grad: Tensor):
fatal: not a git repository (or any of the parent directories): .git
fatal: not a git repository (or any of the parent directories): .git
fatal: not a git repository (or any of the parent directories): .git
Built Zipformer encoder: causal=True, chunk_size=(32,), left_context_frames=(128,)
Loaded: 64556023/64556023 params (100.0%)
Missing keys: 0
Unexpected keys: 0
Multi-scale hypercolumn enabled: stack dims [192, 256, 384, 512, 384, 256] + final=False (alignment=average) -> concat dim 1984
Detected backbone output_dim: 1984
step3000.pt: pooled macro=0.5626 osd=0.5165 | unweighted-over-rec macro=0.5013 | 116 recordings -> results/probe_stack1_s1234_voxsel.json
=== probe_stack2_s1234 (stack 2 only) ===
/home/edabk/hoangbpm/diar/diar_new/third_party/icefall/egs/librispeech/ASR/zipformer/scaling.py:1310: FutureWarning: `torch.cuda.amp.custom_fwd(args...)` is deprecated. Please use `torch.amp.custom_fwd(args..., device_type='cuda')` instead.
  def forward(ctx, x, y, alpha):
/home/edabk/hoangbpm/diar/diar_new/third_party/icefall/egs/librispeech/ASR/zipformer/scaling.py:1319: FutureWarning: `torch.cuda.amp.custom_bwd(args...)` is deprecated. Please use `torch.amp.custom_bwd(args..., device_type='cuda')` instead.
  def backward(ctx, ans_grad):
/home/edabk/hoangbpm/diar/diar_new/third_party/icefall/egs/librispeech/ASR/zipformer/scaling.py:1529: FutureWarning: `torch.cuda.amp.custom_fwd(args...)` is deprecated. Please use `torch.amp.custom_fwd(args..., device_type='cuda')` instead.
  def forward(
/home/edabk/hoangbpm/diar/diar_new/third_party/icefall/egs/librispeech/ASR/zipformer/scaling.py:1568: FutureWarning: `torch.cuda.amp.custom_bwd(args...)` is deprecated. Please use `torch.amp.custom_bwd(args..., device_type='cuda')` instead.
  def backward(ctx, ans_grad: Tensor):
fatal: not a git repository (or any of the parent directories): .git
fatal: not a git repository (or any of the parent directories): .git
fatal: not a git repository (or any of the parent directories): .git
Built Zipformer encoder: causal=True, chunk_size=(32,), left_context_frames=(128,)
Loaded: 64556023/64556023 params (100.0%)
Missing keys: 0
Unexpected keys: 0
Multi-scale hypercolumn enabled: stack dims [192, 256, 384, 512, 384, 256] + final=False (alignment=average) -> concat dim 1984
Detected backbone output_dim: 1984
step3000.pt: pooled macro=0.5460 osd=0.4762 | unweighted-over-rec macro=0.4887 | 116 recordings -> results/probe_stack2_s1234_voxsel.json
=== probe_stack3_s1234 (stack 3 only) ===
/home/edabk/hoangbpm/diar/diar_new/third_party/icefall/egs/librispeech/ASR/zipformer/scaling.py:1310: FutureWarning: `torch.cuda.amp.custom_fwd(args...)` is deprecated. Please use `torch.amp.custom_fwd(args..., device_type='cuda')` instead.
  def forward(ctx, x, y, alpha):
/home/edabk/hoangbpm/diar/diar_new/third_party/icefall/egs/librispeech/ASR/zipformer/scaling.py:1319: FutureWarning: `torch.cuda.amp.custom_bwd(args...)` is deprecated. Please use `torch.amp.custom_bwd(args..., device_type='cuda')` instead.
  def backward(ctx, ans_grad):
/home/edabk/hoangbpm/diar/diar_new/third_party/icefall/egs/librispeech/ASR/zipformer/scaling.py:1529: FutureWarning: `torch.cuda.amp.custom_fwd(args...)` is deprecated. Please use `torch.amp.custom_fwd(args..., device_type='cuda')` instead.
  def forward(
/home/edabk/hoangbpm/diar/diar_new/third_party/icefall/egs/librispeech/ASR/zipformer/scaling.py:1568: FutureWarning: `torch.cuda.amp.custom_bwd(args...)` is deprecated. Please use `torch.amp.custom_bwd(args..., device_type='cuda')` instead.
  def backward(ctx, ans_grad: Tensor):
fatal: not a git repository (or any of the parent directories): .git
fatal: not a git repository (or any of the parent directories): .git
fatal: not a git repository (or any of the parent directories): .git
Built Zipformer encoder: causal=True, chunk_size=(32,), left_context_frames=(128,)
Loaded: 64556023/64556023 params (100.0%)
Missing keys: 0
Unexpected keys: 0
Multi-scale hypercolumn enabled: stack dims [192, 256, 384, 512, 384, 256] + final=False (alignment=average) -> concat dim 1984
Detected backbone output_dim: 1984
step3000.pt: pooled macro=0.5301 osd=0.4474 | unweighted-over-rec macro=0.4785 | 116 recordings -> results/probe_stack3_s1234_voxsel.json
=== probe_stack4_s1234 (stack 4 only) ===
/home/edabk/hoangbpm/diar/diar_new/third_party/icefall/egs/librispeech/ASR/zipformer/scaling.py:1310: FutureWarning: `torch.cuda.amp.custom_fwd(args...)` is deprecated. Please use `torch.amp.custom_fwd(args..., device_type='cuda')` instead.
  def forward(ctx, x, y, alpha):
/home/edabk/hoangbpm/diar/diar_new/third_party/icefall/egs/librispeech/ASR/zipformer/scaling.py:1319: FutureWarning: `torch.cuda.amp.custom_bwd(args...)` is deprecated. Please use `torch.amp.custom_bwd(args..., device_type='cuda')` instead.
  def backward(ctx, ans_grad):
/home/edabk/hoangbpm/diar/diar_new/third_party/icefall/egs/librispeech/ASR/zipformer/scaling.py:1529: FutureWarning: `torch.cuda.amp.custom_fwd(args...)` is deprecated. Please use `torch.amp.custom_fwd(args..., device_type='cuda')` instead.
  def forward(
/home/edabk/hoangbpm/diar/diar_new/third_party/icefall/egs/librispeech/ASR/zipformer/scaling.py:1568: FutureWarning: `torch.cuda.amp.custom_bwd(args...)` is deprecated. Please use `torch.amp.custom_bwd(args..., device_type='cuda')` instead.
  def backward(ctx, ans_grad: Tensor):
fatal: not a git repository (or any of the parent directories): .git
fatal: not a git repository (or any of the parent directories): .git
fatal: not a git repository (or any of the parent directories): .git
Built Zipformer encoder: causal=True, chunk_size=(32,), left_context_frames=(128,)
Loaded: 64556023/64556023 params (100.0%)
Missing keys: 0
Unexpected keys: 0
Multi-scale hypercolumn enabled: stack dims [192, 256, 384, 512, 384, 256] + final=False (alignment=average) -> concat dim 1984
Detected backbone output_dim: 1984
step3000.pt: pooled macro=0.5062 osd=0.3541 | unweighted-over-rec macro=0.4593 | 116 recordings -> results/probe_stack4_s1234_voxsel.json
=== probe_stack5_s1234 (stack 5 only) ===
/home/edabk/hoangbpm/diar/diar_new/third_party/icefall/egs/librispeech/ASR/zipformer/scaling.py:1310: FutureWarning: `torch.cuda.amp.custom_fwd(args...)` is deprecated. Please use `torch.amp.custom_fwd(args..., device_type='cuda')` instead.
  def forward(ctx, x, y, alpha):
/home/edabk/hoangbpm/diar/diar_new/third_party/icefall/egs/librispeech/ASR/zipformer/scaling.py:1319: FutureWarning: `torch.cuda.amp.custom_bwd(args...)` is deprecated. Please use `torch.amp.custom_bwd(args..., device_type='cuda')` instead.
  def backward(ctx, ans_grad):
/home/edabk/hoangbpm/diar/diar_new/third_party/icefall/egs/librispeech/ASR/zipformer/scaling.py:1529: FutureWarning: `torch.cuda.amp.custom_fwd(args...)` is deprecated. Please use `torch.amp.custom_fwd(args..., device_type='cuda')` instead.
  def forward(
/home/edabk/hoangbpm/diar/diar_new/third_party/icefall/egs/librispeech/ASR/zipformer/scaling.py:1568: FutureWarning: `torch.cuda.amp.custom_bwd(args...)` is deprecated. Please use `torch.amp.custom_bwd(args..., device_type='cuda')` instead.
  def backward(ctx, ans_grad: Tensor):
fatal: not a git repository (or any of the parent directories): .git
fatal: not a git repository (or any of the parent directories): .git
fatal: not a git repository (or any of the parent directories): .git
Built Zipformer encoder: causal=True, chunk_size=(32,), left_context_frames=(128,)
Loaded: 64556023/64556023 params (100.0%)
Missing keys: 0
Unexpected keys: 0
Multi-scale hypercolumn enabled: stack dims [192, 256, 384, 512, 384, 256] + final=False (alignment=average) -> concat dim 1984
Detected backbone output_dim: 1984
step3000.pt: pooled macro=0.5050 osd=0.3653 | unweighted-over-rec macro=0.4530 | 116 recordings -> results/probe_stack5_s1234_voxsel.json

=== STACK PROBE TABLE (vox_sel pooled, step3000, seed 1234) ===
arm                            macro    f1_0    f1_1    f1_2    f1_3     osd
A0 stack0 (50Hz,192d)         0.5430  0.6991  0.9465  0.4705  0.0559  0.4930
A1 stack1 (25Hz,256d)         0.5626  0.7313  0.9498  0.4888  0.0805  0.5165
A2 stack2 (12Hz,384d)         0.5460  0.7179  0.9439  0.4362  0.0860  0.4762
A3 stack3 (6Hz,512d)          0.5301  0.7035  0.9400  0.3985  0.0784  0.4474
A4 stack4 (12Hz,384d)         0.5062  0.6946  0.9335  0.3169  0.0798  0.3541
A5 stack5 (25Hz,256d)         0.5050  0.6696  0.9396  0.3344  0.0765  0.3653
A6 all-6 static (=p8a_avg)    0.5615  0.7227  0.9494  0.4911  0.0829  0.5075

single seed: interpret only gaps >> 0.02, and per-class patterns.
