/home/edabk/hoangbpm/diar/diar_new/third_party/icefall/egs/librispeech/ASR/zipformer/scaling.py:1310: FutureWarning: `torch.cuda.amp.custom_fwd(args...)` is deprecated. Please use `torch.amp.custom_fwd(args..., device_type='cuda')` instead.
  def forward(ctx, x, y, alpha):
/home/edabk/hoangbpm/diar/diar_new/third_party/icefall/egs/librispeech/ASR/zipformer/scaling.py:1319: FutureWarning: `torch.cuda.amp.custom_bwd(args...)` is deprecated. Please use `torch.amp.custom_bwd(args..., device_type='cuda')` instead.
  def backward(ctx, ans_grad):
/home/edabk/hoangbpm/diar/diar_new/third_party/icefall/egs/librispeech/ASR/zipformer/scaling.py:1508: FutureWarning: `torch.cuda.amp.custom_fwd(args...)` is deprecated. Please use `torch.amp.custom_fwd(args..., device_type='cuda')` instead.
  def forward(
/home/edabk/hoangbpm/diar/diar_new/third_party/icefall/egs/librispeech/ASR/zipformer/scaling.py:1547: FutureWarning: `torch.cuda.amp.custom_bwd(args...)` is deprecated. Please use `torch.amp.custom_bwd(args..., device_type='cuda')` instead.
  def backward(ctx, ans_grad: Tensor):
fatal: not a git repository (or any of the parent directories): .git
fatal: not a git repository (or any of the parent directories): .git
fatal: not a git repository (or any of the parent directories): .git

  0%|          | 0/1 [00:00<?, ?it/s]
100%|██████████| 1/1 [00:03<00:00,  3.25s/it]

Validation:   0%|          | 0/109 [00:00<?, ?it/s][A

Validation:   1%|          | 1/109 [00:00<01:39,  1.09it/s][A

Validation:   2%|▏         | 2/109 [00:01<01:12,  1.47it/s][A

Validation:   3%|▎         | 3/109 [00:01<01:04,  1.65it/s][A

Validation:   4%|▎         | 4/109 [00:02<01:00,  1.75it/s][A

Validation:   5%|▍         | 5/109 [00:02<00:57,  1.82it/s][A

Validation:   6%|▌         | 6/109 [00:03<00:55,  1.84it/s][A

Validation:   6%|▋         | 7/109 [00:04<00:54,  1.86it/s][A

Validation:   7%|▋         | 8/109 [00:04<00:53,  1.89it/s][A

Validation:   8%|▊         | 9/109 [00:05<00:52,  1.90it/s][A

Validation:   9%|▉         | 10/109 [00:05<00:51,  1.91it/s][A

Validation:  10%|█         | 11/109 [00:06<00:51,  1.90it/s][A

Validation:  11%|█         | 12/109 [00:06<00:50,  1.91it/s][A

Validation:  12%|█▏        | 13/109 [00:07<00:50,  1.92it/s][A

Validation:  13%|█▎        | 14/109 [00:07<00:49,  1.93it/s][A

Validation:  14%|█▍        | 15/109 [00:08<00:48,  1.92it/s][A

Validation:  15%|█▍        | 16/109 [00:08<00:48,  1.93it/s][A

Validation:  16%|█▌        | 17/109 [00:09<00:47,  1.93it/s][A

Validation:  17%|█▋        | 18/109 [00:09<00:47,  1.92it/s][A

Validation:  17%|█▋        | 19/109 [00:10<00:46,  1.93it/s][A

Validation:  18%|█▊        | 20/109 [00:10<00:46,  1.93it/s][A

Validation:  19%|█▉        | 21/109 [00:11<00:45,  1.94it/s][A

Validation:  20%|██        | 22/109 [00:11<00:45,  1.91it/s][A

Validation:  21%|██        | 23/109 [00:12<00:44,  1.92it/s][A

Validation:  22%|██▏       | 24/109 [00:12<00:44,  1.92it/s][A

Validation:  23%|██▎       | 25/109 [00:13<00:43,  1.91it/s][A

Validation:  24%|██▍       | 26/109 [00:13<00:43,  1.92it/s][A

Validation:  25%|██▍       | 27/109 [00:14<00:42,  1.93it/s][A

Validation:  26%|██▌       | 28/109 [00:14<00:41,  1.94it/s][A

Validation:  27%|██▋       | 29/109 [00:15<00:41,  1.93it/s][A

Validation:  28%|██▊       | 30/109 [00:15<00:40,  1.94it/s][A

Validation:  28%|██▊       | 31/109 [00:16<00:40,  1.93it/s][A

Validation:  29%|██▉       | 32/109 [00:17<00:39,  1.93it/s][A

Validation:  30%|███       | 33/109 [00:17<00:39,  1.92it/s][A

Validation:  31%|███       | 34/109 [00:18<00:38,  1.93it/s][A

Validation:  32%|███▏      | 35/109 [00:18<00:38,  1.92it/s][A

Validation:  33%|███▎      | 36/109 [00:19<00:37,  1.92it/s][A

Validation:  34%|███▍      | 37/109 [00:19<00:37,  1.92it/s][A

Validation:  35%|███▍      | 38/109 [00:20<00:36,  1.93it/s][A

Validation:  36%|███▌      | 39/109 [00:20<00:36,  1.93it/s][A

Validation:  37%|███▋      | 40/109 [00:21<00:35,  1.94it/s][A

Validation:  38%|███▊      | 41/109 [00:21<00:35,  1.93it/s][A

Validation:  39%|███▊      | 42/109 [00:22<00:34,  1.93it/s][A

Validation:  39%|███▉      | 43/109 [00:22<00:34,  1.92it/s][A

Validation:  40%|████      | 44/109 [00:23<00:33,  1.93it/s][A

Validation:  41%|████▏     | 45/109 [00:23<00:33,  1.93it/s][A

Validation:  42%|████▏     | 46/109 [00:24<00:32,  1.92it/s][A

Validation:  43%|████▎     | 47/109 [00:24<00:32,  1.92it/s][A

Validation:  44%|████▍     | 48/109 [00:25<00:31,  1.92it/s][A

Validation:  45%|████▍     | 49/109 [00:25<00:31,  1.91it/s][A

Validation:  46%|████▌     | 50/109 [00:26<00:30,  1.91it/s][A

Validation:  47%|████▋     | 51/109 [00:26<00:30,  1.93it/s][A

Validation:  48%|████▊     | 52/109 [00:27<00:29,  1.93it/s][A

Validation:  49%|████▊     | 53/109 [00:27<00:29,  1.93it/s][A

Validation:  50%|████▉     | 54/109 [00:28<00:28,  1.92it/s][A

Validation:  50%|█████     | 55/109 [00:28<00:28,  1.92it/s][A

Validation:  51%|█████▏    | 56/109 [00:29<00:27,  1.92it/s][A

Validation:  52%|█████▏    | 57/109 [00:30<00:27,  1.92it/s][A

Validation:  53%|█████▎    | 58/109 [00:30<00:26,  1.93it/s][A

Validation:  54%|█████▍    | 59/109 [00:31<00:25,  1.93it/s][A

Validation:  55%|█████▌    | 60/109 [00:31<00:25,  1.94it/s][A

Validation:  56%|█████▌    | 61/109 [00:32<00:24,  1.94it/s][A

Validation:  57%|█████▋    | 62/109 [00:32<00:24,  1.93it/s][A

Validation:  58%|█████▊    | 63/109 [00:33<00:23,  1.93it/s][A

Validation:  59%|█████▊    | 64/109 [00:33<00:23,  1.92it/s][A

Validation:  60%|█████▉    | 65/109 [00:34<00:22,  1.92it/s][A

Validation:  61%|██████    | 66/109 [00:34<00:22,  1.93it/s][A

Validation:  61%|██████▏   | 67/109 [00:35<00:21,  1.93it/s][A

Validation:  62%|██████▏   | 68/109 [00:35<00:21,  1.93it/s][A

Validation:  63%|██████▎   | 69/109 [00:36<00:20,  1.93it/s][A

Validation:  64%|██████▍   | 70/109 [00:36<00:20,  1.94it/s][A

Validation:  65%|██████▌   | 71/109 [00:37<00:19,  1.94it/s][A

Validation:  66%|██████▌   | 72/109 [00:37<00:19,  1.94it/s][A

Validation:  67%|██████▋   | 73/109 [00:38<00:18,  1.94it/s][A

Validation:  68%|██████▊   | 74/109 [00:38<00:18,  1.93it/s][A

Validation:  69%|██████▉   | 75/109 [00:39<00:17,  1.93it/s][A

Validation:  70%|██████▉   | 76/109 [00:39<00:17,  1.92it/s][A

Validation:  71%|███████   | 77/109 [00:40<00:16,  1.92it/s][A

Validation:  72%|███████▏  | 78/109 [00:40<00:16,  1.93it/s][A

Validation:  72%|███████▏  | 79/109 [00:41<00:15,  1.92it/s][A

Validation:  73%|███████▎  | 80/109 [00:41<00:15,  1.93it/s][A

Validation:  74%|███████▍  | 81/109 [00:42<00:14,  1.92it/s][A

Validation:  75%|███████▌  | 82/109 [00:42<00:13,  1.93it/s][A

Validation:  76%|███████▌  | 83/109 [00:43<00:13,  1.93it/s][A

Validation:  77%|███████▋  | 84/109 [00:43<00:12,  1.93it/s][A

Validation:  78%|███████▊  | 85/109 [00:44<00:12,  1.92it/s][A

Validation:  79%|███████▉  | 86/109 [00:45<00:11,  1.92it/s][A

Validation:  80%|███████▉  | 87/109 [00:45<00:11,  1.93it/s][A

Validation:  81%|████████  | 88/109 [00:46<00:10,  1.94it/s][A

Validation:  82%|████████▏ | 89/109 [00:46<00:10,  1.92it/s][A

Validation:  83%|████████▎ | 90/109 [00:47<00:09,  1.93it/s][A

Validation:  83%|████████▎ | 91/109 [00:47<00:09,  1.92it/s][A

Validation:  84%|████████▍ | 92/109 [00:48<00:08,  1.92it/s][A

Validation:  85%|████████▌ | 93/109 [00:48<00:08,  1.92it/s][A

Validation:  86%|████████▌ | 94/109 [00:49<00:07,  1.92it/s][A

Validation:  87%|████████▋ | 95/109 [00:49<00:07,  1.92it/s][A

Validation:  88%|████████▊ | 96/109 [00:50<00:06,  1.92it/s][A

Validation:  89%|████████▉ | 97/109 [00:50<00:06,  1.93it/s][A

Validation:  90%|████████▉ | 98/109 [00:51<00:05,  1.94it/s][A

Validation:  91%|█████████ | 99/109 [00:51<00:05,  1.94it/s][A

Validation:  92%|█████████▏| 100/109 [00:52<00:04,  1.95it/s][A

Validation:  93%|█████████▎| 101/109 [00:52<00:04,  1.95it/s][A

Validation:  94%|█████████▎| 102/109 [00:53<00:03,  1.97it/s][A

Validation:  94%|█████████▍| 103/109 [00:53<00:03,  1.95it/s][A

Validation:  95%|█████████▌| 104/109 [00:54<00:02,  1.94it/s][A

Validation:  96%|█████████▋| 105/109 [00:54<00:02,  1.94it/s][A

Validation:  97%|█████████▋| 106/109 [00:55<00:01,  1.94it/s][A

Validation:  98%|█████████▊| 107/109 [00:55<00:01,  1.93it/s][A

Validation:  99%|█████████▉| 108/109 [00:56<00:00,  1.93it/s][A

Validation: 100%|██████████| 109/109 [00:56<00:00,  2.30it/s][A

                                                             [A
100%|██████████| 1/1 [01:00<00:00, 60.87s/it]
Using device: cuda
Using class weights from config: tensor([1., 1., 1., 1.], device='cuda:0')
Waveform augmentation ON: {'gain_db': [-28, 3], 'rir_dir': '/home/edabk/hoangbpm/diar/diar_new/data_ext/RIRS_NOISES/simulated_rirs', 'rir_prob': 0.35}
Built Zipformer encoder: causal=True, chunk_size=(32,), left_context_frames=(128,)
Loaded: 64556023/64556023 params (100.0%)
Missing keys: 0
Unexpected keys: 0
Multi-scale hypercolumn enabled: stack dims [192, 256, 384, 512, 384, 256] -> concat dim 1984
Detected backbone output_dim: 1984
Stage 1: Freezing entire backbone, training only head.
Number of trainable parameters: 1323212
Init weights from logs/r3_v2_uniform_sord/best_macro_f1.pt (step 38000): missing=0 unexpected=0

[val@1] acc=0.466 mae=0.602 macroF1=0.347 f1/cls=[0.44 0.52 0.32 0.11] ovF1=0.353 vadF1=0.602
confusion P(pred|true):  pred0   pred1   pred2   pred3
  true0:               0.900   0.096   0.003   0.000
  true1:               0.565   0.374   0.061   0.000
  true2:               0.550   0.162   0.274   0.014
  true3:               0.539   0.081   0.312   0.069
Training finished.
