/home/edabk/hoangbpm/diar/diar_new/third_party/DiariZen/pyannote-audio/pyannote/audio/pipelines/speaker_verification.py:43: UserWarning: Module 'speechbrain.pretrained' was deprecated, redirecting to 'speechbrain.inference'. Please update your script. This is a change from SpeechBrain 1.0. See: https://github.com/speechbrain/speechbrain/releases/tag/v1.0.0
  from speechbrain.pretrained import (
Fetching 7 files:   0%|          | 0/7 [00:00<?, ?it/s]Fetching 7 files: 100%|██████████| 7/7 [00:00<00:00, 15887.52it/s]
Loaded configuration: {'model': {'path': 'diarizen.models.eend.model_wavlm_conformer.Model', 'args': {'wavlm_src': 'wavlm_large_s80_md', 'wavlm_layer_num': 25, 'wavlm_feat_dim': 1024, 'attention_in': 256, 'ffn_hidden': 1024, 'num_head': 4, 'num_layer': 4, 'dropout': 0.1, 'max_speakers_per_chunk': 4, 'max_speakers_per_frame': 4, 'chunk_size': 16, 'use_posi': False, 'output_activate_function': False, 'selected_channel': 0}}, 'inference': {'args': {'seg_duration': 16, 'segmentation_step': 0.1, 'batch_size': 32, 'apply_median_filtering': True}}, 'clustering': {'args': {'method': 'VBxClustering', 'min_speakers': 1, 'max_speakers': 20, 'ahc_criterion': 'distance', 'ahc_threshold': 0.6, 'Fa': 0.07, 'Fb': 0.8, 'lda_dim': 128, 'max_iters': 20}}}
self.embedding: /home/edabk/.cache/huggingface/hub/models--pyannote--wespeaker-voxceleb-resnet34-LM/snapshots/837717ddb9ff5507820346191109dc79c958d614/pytorch_model.bin
teacher posteriors: 127552 windows -> /media/edabk/500GB Hard Disk/data_diar/teacher_post
/home/edabk/hoangbpm/diar/diar_new/third_party/DiariZen/pyannote-audio/pyannote/audio/utils/reproducibility.py:74: ReproducibilityWarning: TensorFloat-32 (TF32) has been disabled as it might lead to reproducibility issues and lower accuracy.
It can be re-enabled by calling
   >>> import torch
   >>> torch.backends.cuda.matmul.allow_tf32 = True
   >>> torch.backends.cudnn.allow_tf32 = True
See https://github.com/pyannote/pyannote-audio/issues/1370 for more details.

  warnings.warn(
  50 done (0.20s/window, eta_full=7.1h)
  100 done (0.20s/window, eta_full=7.0h)
  150 done (0.20s/window, eta_full=6.9h)
  200 done (0.20s/window, eta_full=6.9h)
  250 done (0.20s/window, eta_full=6.9h)
  300 done (0.20s/window, eta_full=6.9h)
  350 done (0.20s/window, eta_full=6.9h)
  400 done (0.19s/window, eta_full=6.9h)
  450 done (0.19s/window, eta_full=6.9h)
  500 done (0.19s/window, eta_full=6.9h)
  550 done (0.20s/window, eta_full=6.9h)
  600 done (0.19s/window, eta_full=6.9h)
  650 done (0.20s/window, eta_full=6.9h)
  700 done (0.20s/window, eta_full=6.9h)
  750 done (0.20s/window, eta_full=6.9h)
  800 done (0.20s/window, eta_full=6.9h)
  850 done (0.20s/window, eta_full=6.9h)
  900 done (0.20s/window, eta_full=6.9h)
  950 done (0.20s/window, eta_full=6.9h)
  1000 done (0.20s/window, eta_full=7.0h)
  1050 done (0.20s/window, eta_full=7.0h)
  1100 done (0.20s/window, eta_full=7.0h)
  1150 done (0.20s/window, eta_full=7.0h)
  1200 done (0.20s/window, eta_full=7.0h)
  1250 done (0.20s/window, eta_full=7.0h)
  1300 done (0.20s/window, eta_full=7.0h)
  1350 done (0.20s/window, eta_full=7.0h)
  1400 done (0.20s/window, eta_full=7.0h)
  1450 done (0.20s/window, eta_full=7.0h)
  1500 done (0.20s/window, eta_full=7.0h)
  1550 done (0.20s/window, eta_full=7.0h)
  1600 done (0.20s/window, eta_full=7.0h)
  1650 done (0.20s/window, eta_full=7.0h)
  1700 done (0.20s/window, eta_full=7.0h)
  1750 done (0.20s/window, eta_full=7.0h)
  1800 done (0.20s/window, eta_full=7.0h)
  1850 done (0.20s/window, eta_full=7.0h)
  1900 done (0.20s/window, eta_full=7.0h)
  1950 done (0.20s/window, eta_full=7.0h)
  2000 done (0.20s/window, eta_full=7.0h)
  2050 done (0.20s/window, eta_full=7.0h)
  2100 done (0.20s/window, eta_full=7.0h)
  2150 done (0.20s/window, eta_full=7.0h)
  2200 done (0.20s/window, eta_full=7.0h)
  2250 done (0.20s/window, eta_full=7.0h)
  2300 done (0.20s/window, eta_full=6.9h)
  2350 done (0.20s/window, eta_full=7.0h)
  2400 done (0.20s/window, eta_full=7.0h)
  2450 done (0.20s/window, eta_full=6.9h)
  2500 done (0.20s/window, eta_full=6.9h)
  2550 done (0.20s/window, eta_full=6.9h)
  2600 done (0.20s/window, eta_full=7.0h)
  2650 done (0.20s/window, eta_full=7.0h)
  2700 done (0.20s/window, eta_full=7.0h)
  2750 done (0.20s/window, eta_full=6.9h)
  2800 done (0.20s/window, eta_full=6.9h)
  2850 done (0.20s/window, eta_full=6.9h)
  2900 done (0.20s/window, eta_full=7.0h)
  2950 done (0.20s/window, eta_full=6.9h)
  3000 done (0.20s/window, eta_full=7.0h)
  3050 done (0.20s/window, eta_full=7.0h)
  3100 done (0.20s/window, eta_full=7.0h)
  3150 done (0.20s/window, eta_full=7.0h)
  3200 done (0.20s/window, eta_full=7.0h)
  3250 done (0.20s/window, eta_full=7.0h)
  3300 done (0.20s/window, eta_full=7.0h)
  3350 done (0.20s/window, eta_full=7.0h)
  3400 done (0.20s/window, eta_full=7.0h)
  3450 done (0.20s/window, eta_full=7.0h)
  3500 done (0.20s/window, eta_full=7.0h)
  3550 done (0.20s/window, eta_full=7.0h)
  3600 done (0.20s/window, eta_full=7.0h)
  3650 done (0.20s/window, eta_full=7.0h)
  3700 done (0.20s/window, eta_full=7.0h)
  3750 done (0.20s/window, eta_full=7.0h)
  3800 done (0.20s/window, eta_full=7.0h)
  3850 done (0.20s/window, eta_full=7.0h)
  3900 done (0.20s/window, eta_full=7.0h)
  3950 done (0.20s/window, eta_full=7.0h)
  4000 done (0.20s/window, eta_full=7.0h)
  4050 done (0.20s/window, eta_full=7.0h)
  4100 done (0.20s/window, eta_full=7.0h)
  4150 done (0.20s/window, eta_full=7.0h)
  4200 done (0.20s/window, eta_full=7.0h)
  4250 done (0.20s/window, eta_full=7.0h)
  4300 done (0.20s/window, eta_full=7.0h)
  4350 done (0.20s/window, eta_full=7.0h)
  4400 done (0.20s/window, eta_full=7.0h)
  4450 done (0.20s/window, eta_full=7.0h)
  4500 done (0.20s/window, eta_full=7.0h)
  4550 done (0.20s/window, eta_full=7.0h)
  4600 done (0.20s/window, eta_full=7.0h)
  4650 done (0.20s/window, eta_full=7.0h)
  4700 done (0.20s/window, eta_full=7.0h)
  4750 done (0.20s/window, eta_full=7.0h)
  4800 done (0.20s/window, eta_full=7.0h)
  4850 done (0.20s/window, eta_full=7.0h)
  4900 done (0.20s/window, eta_full=7.0h)
  4950 done (0.20s/window, eta_full=7.0h)
  5000 done (0.20s/window, eta_full=7.0h)
  5050 done (0.20s/window, eta_full=7.0h)
  5100 done (0.20s/window, eta_full=7.0h)
  5150 done (0.20s/window, eta_full=7.0h)
  5200 done (0.20s/window, eta_full=7.1h)
  5250 done (0.20s/window, eta_full=7.1h)
  5300 done (0.20s/window, eta_full=7.1h)
  5350 done (0.20s/window, eta_full=7.1h)
  5400 done (0.20s/window, eta_full=7.1h)
  5450 done (0.20s/window, eta_full=7.1h)
  5500 done (0.20s/window, eta_full=7.1h)
  5550 done (0.20s/window, eta_full=7.1h)
  5600 done (0.20s/window, eta_full=7.1h)
  5650 done (0.20s/window, eta_full=7.1h)
  5700 done (0.20s/window, eta_full=7.1h)
  5750 done (0.20s/window, eta_full=7.1h)
  5800 done (0.20s/window, eta_full=7.1h)
  5850 done (0.20s/window, eta_full=7.1h)
  5900 done (0.20s/window, eta_full=7.1h)
  5950 done (0.20s/window, eta_full=7.1h)
  6000 done (0.20s/window, eta_full=7.1h)
  6050 done (0.20s/window, eta_full=7.1h)
  6100 done (0.20s/window, eta_full=7.1h)
  6150 done (0.20s/window, eta_full=7.1h)
  6200 done (0.20s/window, eta_full=7.1h)
  6250 done (0.20s/window, eta_full=7.1h)
  6300 done (0.20s/window, eta_full=7.1h)
  6350 done (0.20s/window, eta_full=7.1h)
  6400 done (0.20s/window, eta_full=7.1h)
  6450 done (0.20s/window, eta_full=7.1h)
  6500 done (0.20s/window, eta_full=7.1h)
  6550 done (0.20s/window, eta_full=7.1h)
  6600 done (0.20s/window, eta_full=7.1h)
  6650 done (0.20s/window, eta_full=7.1h)
  6700 done (0.20s/window, eta_full=7.1h)
  6750 done (0.20s/window, eta_full=7.1h)
  6800 done (0.20s/window, eta_full=7.1h)
  6850 done (0.20s/window, eta_full=7.1h)
  6900 done (0.20s/window, eta_full=7.1h)
  6950 done (0.20s/window, eta_full=7.1h)
  7000 done (0.20s/window, eta_full=7.1h)
  7050 done (0.20s/window, eta_full=7.1h)
  7100 done (0.20s/window, eta_full=7.1h)
  7150 done (0.20s/window, eta_full=7.1h)
  7200 done (0.20s/window, eta_full=7.1h)
  7250 done (0.20s/window, eta_full=7.1h)
  7300 done (0.20s/window, eta_full=7.1h)
  7350 done (0.20s/window, eta_full=7.1h)
  7400 done (0.20s/window, eta_full=7.1h)
  7450 done (0.20s/window, eta_full=7.1h)
  7500 done (0.20s/window, eta_full=7.1h)
  7550 done (0.20s/window, eta_full=7.1h)
  7600 done (0.20s/window, eta_full=7.1h)
  7650 done (0.20s/window, eta_full=7.1h)
  7700 done (0.20s/window, eta_full=7.1h)
  7750 done (0.20s/window, eta_full=7.1h)
  7800 done (0.20s/window, eta_full=7.1h)
  7850 done (0.20s/window, eta_full=7.1h)
  7900 done (0.20s/window, eta_full=7.1h)
  7950 done (0.20s/window, eta_full=7.1h)
  8000 done (0.20s/window, eta_full=7.1h)
  8050 done (0.20s/window, eta_full=7.1h)
  8100 done (0.20s/window, eta_full=7.1h)
  8150 done (0.20s/window, eta_full=7.1h)
  8200 done (0.20s/window, eta_full=7.1h)
  8250 done (0.20s/window, eta_full=7.1h)
  8300 done (0.20s/window, eta_full=7.1h)
  8350 done (0.20s/window, eta_full=7.1h)
  8400 done (0.20s/window, eta_full=7.1h)
  8450 done (0.20s/window, eta_full=7.1h)
  8500 done (0.20s/window, eta_full=7.1h)
  8550 done (0.20s/window, eta_full=7.1h)
  8600 done (0.20s/window, eta_full=7.2h)
  8650 done (0.20s/window, eta_full=7.2h)
  8700 done (0.20s/window, eta_full=7.2h)
  8750 done (0.20s/window, eta_full=7.2h)
  8800 done (0.20s/window, eta_full=7.2h)
  8850 done (0.20s/window, eta_full=7.2h)
  8900 done (0.20s/window, eta_full=7.2h)
  8950 done (0.20s/window, eta_full=7.2h)
  9000 done (0.20s/window, eta_full=7.2h)
  9050 done (0.20s/window, eta_full=7.2h)
  9100 done (0.20s/window, eta_full=7.2h)
  9150 done (0.20s/window, eta_full=7.2h)
  9200 done (0.20s/window, eta_full=7.2h)
  9250 done (0.20s/window, eta_full=7.2h)
  9300 done (0.20s/window, eta_full=7.2h)
  9350 done (0.20s/window, eta_full=7.2h)
  9400 done (0.20s/window, eta_full=7.2h)
  9450 done (0.20s/window, eta_full=7.2h)
  9500 done (0.20s/window, eta_full=7.2h)
  9550 done (0.20s/window, eta_full=7.2h)
  9600 done (0.20s/window, eta_full=7.2h)
  9650 done (0.20s/window, eta_full=7.2h)
  9700 done (0.20s/window, eta_full=7.2h)
  9750 done (0.20s/window, eta_full=7.2h)
  9800 done (0.20s/window, eta_full=7.2h)
  9850 done (0.20s/window, eta_full=7.2h)
  9900 done (0.20s/window, eta_full=7.2h)
  9950 done (0.20s/window, eta_full=7.2h)
  10000 done (0.20s/window, eta_full=7.2h)
  10050 done (0.20s/window, eta_full=7.2h)
  10100 done (0.20s/window, eta_full=7.2h)
  10150 done (0.20s/window, eta_full=7.2h)
  10200 done (0.20s/window, eta_full=7.2h)
  10250 done (0.20s/window, eta_full=7.2h)
  10300 done (0.20s/window, eta_full=7.2h)
  10350 done (0.20s/window, eta_full=7.2h)
  10400 done (0.20s/window, eta_full=7.2h)
  10450 done (0.20s/window, eta_full=7.2h)
  10500 done (0.20s/window, eta_full=7.2h)
  10550 done (0.20s/window, eta_full=7.2h)
  10600 done (0.20s/window, eta_full=7.2h)
  10650 done (0.20s/window, eta_full=7.2h)
  10700 done (0.20s/window, eta_full=7.2h)
  10750 done (0.20s/window, eta_full=7.3h)
  10800 done (0.20s/window, eta_full=7.3h)
  10850 done (0.21s/window, eta_full=7.3h)
  10900 done (0.21s/window, eta_full=7.3h)
  10950 done (0.21s/window, eta_full=7.3h)
  11000 done (0.21s/window, eta_full=7.3h)
  11050 done (0.21s/window, eta_full=7.3h)
  11100 done (0.21s/window, eta_full=7.3h)
  11150 done (0.21s/window, eta_full=7.3h)
  11200 done (0.21s/window, eta_full=7.3h)
  11250 done (0.21s/window, eta_full=7.3h)
  11300 done (0.21s/window, eta_full=7.3h)
  11350 done (0.21s/window, eta_full=7.3h)
  11400 done (0.21s/window, eta_full=7.3h)
  11450 done (0.21s/window, eta_full=7.4h)
  11500 done (0.21s/window, eta_full=7.4h)
  11550 done (0.21s/window, eta_full=7.4h)
  11600 done (0.21s/window, eta_full=7.4h)
  11650 done (0.21s/window, eta_full=7.4h)
  11700 done (0.21s/window, eta_full=7.4h)
  11750 done (0.21s/window, eta_full=7.4h)
  11800 done (0.21s/window, eta_full=7.4h)
  11850 done (0.21s/window, eta_full=7.4h)
  11900 done (0.21s/window, eta_full=7.4h)
  11950 done (0.21s/window, eta_full=7.4h)
  12000 done (0.21s/window, eta_full=7.4h)
  12050 done (0.21s/window, eta_full=7.4h)
  12100 done (0.21s/window, eta_full=7.4h)
  12150 done (0.21s/window, eta_full=7.4h)
  12200 done (0.21s/window, eta_full=7.4h)
  12250 done (0.21s/window, eta_full=7.4h)
  12300 done (0.21s/window, eta_full=7.4h)
  12350 done (0.21s/window, eta_full=7.4h)
  12400 done (0.21s/window, eta_full=7.4h)
  12450 done (0.21s/window, eta_full=7.5h)
  12500 done (0.21s/window, eta_full=7.5h)
  12550 done (0.21s/window, eta_full=7.5h)
  12600 done (0.21s/window, eta_full=7.5h)
  12650 done (0.21s/window, eta_full=7.5h)
  12700 done (0.21s/window, eta_full=7.5h)
  12750 done (0.21s/window, eta_full=7.5h)
  12800 done (0.21s/window, eta_full=7.5h)
  12850 done (0.21s/window, eta_full=7.5h)
  12900 done (0.21s/window, eta_full=7.5h)
  12950 done (0.21s/window, eta_full=7.5h)
  13000 done (0.21s/window, eta_full=7.5h)
  13050 done (0.21s/window, eta_full=7.5h)
  13100 done (0.21s/window, eta_full=7.5h)
  13150 done (0.21s/window, eta_full=7.5h)
  13200 done (0.21s/window, eta_full=7.5h)
  13250 done (0.21s/window, eta_full=7.5h)
  13300 done (0.21s/window, eta_full=7.5h)
  13350 done (0.21s/window, eta_full=7.5h)
  13400 done (0.21s/window, eta_full=7.5h)
  13450 done (0.21s/window, eta_full=7.5h)
  13500 done (0.21s/window, eta_full=7.6h)
  13550 done (0.21s/window, eta_full=7.6h)
  13600 done (0.21s/window, eta_full=7.6h)
  13650 done (0.21s/window, eta_full=7.6h)
  13700 done (0.21s/window, eta_full=7.5h)
  13750 done (0.21s/window, eta_full=7.5h)
  13800 done (0.21s/window, eta_full=7.5h)
  13850 done (0.21s/window, eta_full=7.5h)
  13900 done (0.21s/window, eta_full=7.5h)
  13950 done (0.21s/window, eta_full=7.5h)
  14000 done (0.21s/window, eta_full=7.5h)
  14050 done (0.21s/window, eta_full=7.5h)
  14100 done (0.21s/window, eta_full=7.5h)
  14150 done (0.21s/window, eta_full=7.5h)
  14200 done (0.21s/window, eta_full=7.5h)
  14250 done (0.21s/window, eta_full=7.5h)
  14300 done (0.21s/window, eta_full=7.5h)
  14350 done (0.21s/window, eta_full=7.5h)
  14400 done (0.21s/window, eta_full=7.5h)
  14450 done (0.21s/window, eta_full=7.5h)
  14500 done (0.21s/window, eta_full=7.5h)
  14550 done (0.21s/window, eta_full=7.5h)
  14600 done (0.21s/window, eta_full=7.5h)
  14650 done (0.21s/window, eta_full=7.5h)
  14700 done (0.21s/window, eta_full=7.5h)
  14750 done (0.21s/window, eta_full=7.5h)
  14800 done (0.21s/window, eta_full=7.5h)
  14850 done (0.21s/window, eta_full=7.5h)
  14900 done (0.21s/window, eta_full=7.5h)
  14950 done (0.21s/window, eta_full=7.5h)
  15000 done (0.21s/window, eta_full=7.5h)
  15050 done (0.21s/window, eta_full=7.5h)
  15100 done (0.21s/window, eta_full=7.5h)
  15150 done (0.21s/window, eta_full=7.5h)
  15200 done (0.21s/window, eta_full=7.5h)
  15250 done (0.21s/window, eta_full=7.5h)
  15300 done (0.21s/window, eta_full=7.5h)
  15350 done (0.21s/window, eta_full=7.5h)
  15400 done (0.21s/window, eta_full=7.5h)
  15450 done (0.21s/window, eta_full=7.5h)
  15500 done (0.21s/window, eta_full=7.5h)
  15550 done (0.21s/window, eta_full=7.5h)
  15600 done (0.21s/window, eta_full=7.5h)
  15650 done (0.21s/window, eta_full=7.5h)
  15700 done (0.21s/window, eta_full=7.5h)
  15750 done (0.21s/window, eta_full=7.5h)
  15800 done (0.21s/window, eta_full=7.5h)
  15850 done (0.21s/window, eta_full=7.5h)
  15900 done (0.21s/window, eta_full=7.5h)
  15950 done (0.21s/window, eta_full=7.5h)
  16000 done (0.21s/window, eta_full=7.5h)
  16050 done (0.21s/window, eta_full=7.5h)
  16100 done (0.21s/window, eta_full=7.5h)
  16150 done (0.21s/window, eta_full=7.5h)
  16200 done (0.21s/window, eta_full=7.5h)
  16250 done (0.21s/window, eta_full=7.5h)
  16300 done (0.21s/window, eta_full=7.5h)
  16350 done (0.21s/window, eta_full=7.5h)
  16400 done (0.21s/window, eta_full=7.5h)
  16450 done (0.21s/window, eta_full=7.5h)
  16500 done (0.21s/window, eta_full=7.5h)
  16550 done (0.21s/window, eta_full=7.5h)
  16600 done (0.21s/window, eta_full=7.5h)
  16650 done (0.21s/window, eta_full=7.5h)
  16700 done (0.21s/window, eta_full=7.5h)
  16750 done (0.21s/window, eta_full=7.5h)
  16800 done (0.21s/window, eta_full=7.5h)
  16850 done (0.21s/window, eta_full=7.5h)
  16900 done (0.21s/window, eta_full=7.5h)
  16950 done (0.21s/window, eta_full=7.5h)
  17000 done (0.21s/window, eta_full=7.5h)
  17050 done (0.21s/window, eta_full=7.5h)
  17100 done (0.21s/window, eta_full=7.5h)
  17150 done (0.21s/window, eta_full=7.5h)
  17200 done (0.21s/window, eta_full=7.5h)
  17250 done (0.21s/window, eta_full=7.5h)
  17300 done (0.21s/window, eta_full=7.5h)
  17350 done (0.21s/window, eta_full=7.5h)
  17400 done (0.21s/window, eta_full=7.5h)
  17450 done (0.21s/window, eta_full=7.5h)
  17500 done (0.21s/window, eta_full=7.5h)
  17550 done (0.21s/window, eta_full=7.4h)
  17600 done (0.21s/window, eta_full=7.4h)
  17650 done (0.21s/window, eta_full=7.4h)
  17700 done (0.21s/window, eta_full=7.4h)
  17750 done (0.21s/window, eta_full=7.4h)
  17800 done (0.21s/window, eta_full=7.4h)
  17850 done (0.21s/window, eta_full=7.4h)
  17900 done (0.21s/window, eta_full=7.4h)
  17950 done (0.21s/window, eta_full=7.4h)
  18000 done (0.21s/window, eta_full=7.4h)
  18050 done (0.21s/window, eta_full=7.4h)
  18100 done (0.21s/window, eta_full=7.4h)
  18150 done (0.21s/window, eta_full=7.4h)
  18200 done (0.21s/window, eta_full=7.4h)
  18250 done (0.21s/window, eta_full=7.4h)
  18300 done (0.21s/window, eta_full=7.4h)
  18350 done (0.21s/window, eta_full=7.4h)
  18400 done (0.21s/window, eta_full=7.4h)
  18450 done (0.21s/window, eta_full=7.4h)
  18500 done (0.21s/window, eta_full=7.4h)
  18550 done (0.21s/window, eta_full=7.4h)
  18600 done (0.21s/window, eta_full=7.4h)
  18650 done (0.21s/window, eta_full=7.4h)
  18700 done (0.21s/window, eta_full=7.4h)
  18750 done (0.21s/window, eta_full=7.4h)
  18800 done (0.21s/window, eta_full=7.4h)
  18850 done (0.21s/window, eta_full=7.4h)
  18900 done (0.21s/window, eta_full=7.4h)
  18950 done (0.21s/window, eta_full=7.4h)
  19000 done (0.21s/window, eta_full=7.4h)
  19050 done (0.21s/window, eta_full=7.4h)
  19100 done (0.21s/window, eta_full=7.4h)
  19150 done (0.21s/window, eta_full=7.4h)
  19200 done (0.21s/window, eta_full=7.4h)
  19250 done (0.21s/window, eta_full=7.4h)
  19300 done (0.21s/window, eta_full=7.4h)
  19350 done (0.21s/window, eta_full=7.4h)
  19400 done (0.21s/window, eta_full=7.4h)
  19450 done (0.21s/window, eta_full=7.4h)
  19500 done (0.21s/window, eta_full=7.4h)
  19550 done (0.21s/window, eta_full=7.4h)
  19600 done (0.21s/window, eta_full=7.4h)
  19650 done (0.21s/window, eta_full=7.4h)
  19700 done (0.21s/window, eta_full=7.4h)
  19750 done (0.21s/window, eta_full=7.4h)
  19800 done (0.21s/window, eta_full=7.4h)
  19850 done (0.21s/window, eta_full=7.4h)
  19900 done (0.21s/window, eta_full=7.4h)
  19950 done (0.21s/window, eta_full=7.4h)
  20000 done (0.21s/window, eta_full=7.4h)
  20050 done (0.21s/window, eta_full=7.4h)
  20100 done (0.21s/window, eta_full=7.4h)
  20150 done (0.21s/window, eta_full=7.4h)
  20200 done (0.21s/window, eta_full=7.4h)
  20250 done (0.21s/window, eta_full=7.4h)
  20300 done (0.21s/window, eta_full=7.4h)
  20350 done (0.21s/window, eta_full=7.4h)
  20400 done (0.21s/window, eta_full=7.4h)
  20450 done (0.21s/window, eta_full=7.4h)
  20500 done (0.21s/window, eta_full=7.4h)
  20550 done (0.21s/window, eta_full=7.4h)
  20600 done (0.21s/window, eta_full=7.4h)
  20650 done (0.21s/window, eta_full=7.4h)
  20700 done (0.21s/window, eta_full=7.4h)
  20750 done (0.21s/window, eta_full=7.4h)
  20800 done (0.21s/window, eta_full=7.4h)
  20850 done (0.21s/window, eta_full=7.4h)
  20900 done (0.21s/window, eta_full=7.4h)
  20950 done (0.21s/window, eta_full=7.4h)
  21000 done (0.21s/window, eta_full=7.4h)
  21050 done (0.21s/window, eta_full=7.4h)
  21100 done (0.21s/window, eta_full=7.4h)
  21150 done (0.21s/window, eta_full=7.4h)
  21200 done (0.21s/window, eta_full=7.4h)
  21250 done (0.21s/window, eta_full=7.4h)
  21300 done (0.21s/window, eta_full=7.4h)
  21350 done (0.21s/window, eta_full=7.4h)
  21400 done (0.21s/window, eta_full=7.4h)
  21450 done (0.21s/window, eta_full=7.4h)
  21500 done (0.21s/window, eta_full=7.4h)
  21550 done (0.21s/window, eta_full=7.4h)
  21600 done (0.21s/window, eta_full=7.4h)
  21650 done (0.21s/window, eta_full=7.4h)
  21700 done (0.21s/window, eta_full=7.4h)
  21750 done (0.21s/window, eta_full=7.4h)
  21800 done (0.21s/window, eta_full=7.4h)
  21850 done (0.21s/window, eta_full=7.4h)
  21900 done (0.21s/window, eta_full=7.4h)
  21950 done (0.21s/window, eta_full=7.4h)
  22000 done (0.21s/window, eta_full=7.4h)
  22050 done (0.21s/window, eta_full=7.4h)
  22100 done (0.21s/window, eta_full=7.4h)
  22150 done (0.21s/window, eta_full=7.4h)
  22200 done (0.21s/window, eta_full=7.4h)
  22250 done (0.21s/window, eta_full=7.4h)
  22300 done (0.21s/window, eta_full=7.4h)
  22350 done (0.21s/window, eta_full=7.4h)
  22400 done (0.21s/window, eta_full=7.4h)
  22450 done (0.21s/window, eta_full=7.4h)
  22500 done (0.21s/window, eta_full=7.4h)
  22550 done (0.21s/window, eta_full=7.4h)
  22600 done (0.21s/window, eta_full=7.4h)
  22650 done (0.21s/window, eta_full=7.4h)
  22700 done (0.21s/window, eta_full=7.4h)
  22750 done (0.21s/window, eta_full=7.4h)
  22800 done (0.21s/window, eta_full=7.4h)
  22850 done (0.21s/window, eta_full=7.4h)
  22900 done (0.21s/window, eta_full=7.4h)
  22950 done (0.21s/window, eta_full=7.4h)
  23000 done (0.21s/window, eta_full=7.4h)
  23050 done (0.21s/window, eta_full=7.4h)
  23100 done (0.21s/window, eta_full=7.4h)
  23150 done (0.21s/window, eta_full=7.4h)
  23200 done (0.21s/window, eta_full=7.4h)
  23250 done (0.21s/window, eta_full=7.4h)
  23300 done (0.21s/window, eta_full=7.4h)
  23350 done (0.21s/window, eta_full=7.4h)
  23400 done (0.21s/window, eta_full=7.4h)
  23450 done (0.21s/window, eta_full=7.4h)
  23500 done (0.21s/window, eta_full=7.4h)
  23550 done (0.21s/window, eta_full=7.4h)
  23600 done (0.21s/window, eta_full=7.4h)
  23650 done (0.21s/window, eta_full=7.4h)
  23700 done (0.21s/window, eta_full=7.4h)
  23750 done (0.21s/window, eta_full=7.4h)
  23800 done (0.21s/window, eta_full=7.4h)
  23850 done (0.21s/window, eta_full=7.4h)
  23900 done (0.21s/window, eta_full=7.4h)
  23950 done (0.21s/window, eta_full=7.4h)
  24000 done (0.21s/window, eta_full=7.4h)
  24050 done (0.21s/window, eta_full=7.4h)
  24100 done (0.21s/window, eta_full=7.4h)
  24150 done (0.21s/window, eta_full=7.4h)
  24200 done (0.21s/window, eta_full=7.4h)
  24250 done (0.21s/window, eta_full=7.4h)
  24300 done (0.21s/window, eta_full=7.4h)
  24350 done (0.21s/window, eta_full=7.4h)
  24400 done (0.21s/window, eta_full=7.4h)
  24450 done (0.21s/window, eta_full=7.4h)
  24500 done (0.21s/window, eta_full=7.4h)
  24550 done (0.21s/window, eta_full=7.4h)
  24600 done (0.21s/window, eta_full=7.4h)
  24650 done (0.21s/window, eta_full=7.4h)
  24700 done (0.21s/window, eta_full=7.4h)
  24750 done (0.21s/window, eta_full=7.4h)
  24800 done (0.21s/window, eta_full=7.4h)
  24850 done (0.21s/window, eta_full=7.4h)
  24900 done (0.21s/window, eta_full=7.4h)
  24950 done (0.21s/window, eta_full=7.4h)
  25000 done (0.21s/window, eta_full=7.4h)
  25050 done (0.21s/window, eta_full=7.4h)
  25100 done (0.21s/window, eta_full=7.4h)
  25150 done (0.21s/window, eta_full=7.4h)
  25200 done (0.21s/window, eta_full=7.4h)
  25250 done (0.21s/window, eta_full=7.4h)
  25300 done (0.21s/window, eta_full=7.4h)
  25350 done (0.21s/window, eta_full=7.4h)
  25400 done (0.21s/window, eta_full=7.4h)
  25450 done (0.21s/window, eta_full=7.4h)
  25500 done (0.21s/window, eta_full=7.4h)
  25550 done (0.21s/window, eta_full=7.4h)
  25600 done (0.21s/window, eta_full=7.4h)
  25650 done (0.21s/window, eta_full=7.4h)
  25700 done (0.21s/window, eta_full=7.4h)
  25750 done (0.21s/window, eta_full=7.4h)
  25800 done (0.21s/window, eta_full=7.3h)
  25850 done (0.21s/window, eta_full=7.3h)
  25900 done (0.21s/window, eta_full=7.3h)
  25950 done (0.21s/window, eta_full=7.3h)
  26000 done (0.21s/window, eta_full=7.3h)
  26050 done (0.21s/window, eta_full=7.3h)
  26100 done (0.21s/window, eta_full=7.3h)
  26150 done (0.21s/window, eta_full=7.3h)
  26200 done (0.21s/window, eta_full=7.3h)
  26250 done (0.21s/window, eta_full=7.3h)
  26300 done (0.21s/window, eta_full=7.3h)
  26350 done (0.21s/window, eta_full=7.3h)
  26400 done (0.21s/window, eta_full=7.3h)
  26450 done (0.21s/window, eta_full=7.3h)
  26500 done (0.21s/window, eta_full=7.3h)
  26550 done (0.21s/window, eta_full=7.3h)
  26600 done (0.21s/window, eta_full=7.3h)
  26650 done (0.21s/window, eta_full=7.3h)
  26700 done (0.21s/window, eta_full=7.3h)
  26750 done (0.21s/window, eta_full=7.3h)
  26800 done (0.21s/window, eta_full=7.3h)
  26850 done (0.21s/window, eta_full=7.3h)
  26900 done (0.21s/window, eta_full=7.3h)
  26950 done (0.21s/window, eta_full=7.3h)
  27000 done (0.21s/window, eta_full=7.3h)
  27050 done (0.21s/window, eta_full=7.3h)
  27100 done (0.21s/window, eta_full=7.3h)
  27150 done (0.21s/window, eta_full=7.3h)
  27200 done (0.21s/window, eta_full=7.3h)
  27250 done (0.21s/window, eta_full=7.3h)
  27300 done (0.21s/window, eta_full=7.3h)
  27350 done (0.21s/window, eta_full=7.3h)
  27400 done (0.21s/window, eta_full=7.3h)
  27450 done (0.21s/window, eta_full=7.3h)
  27500 done (0.21s/window, eta_full=7.3h)
  27550 done (0.21s/window, eta_full=7.3h)
  27600 done (0.21s/window, eta_full=7.3h)
  27650 done (0.21s/window, eta_full=7.3h)
  27700 done (0.21s/window, eta_full=7.3h)
  27750 done (0.21s/window, eta_full=7.3h)
  27800 done (0.21s/window, eta_full=7.3h)
  27850 done (0.21s/window, eta_full=7.3h)
  27900 done (0.21s/window, eta_full=7.3h)
  27950 done (0.21s/window, eta_full=7.3h)
  28000 done (0.21s/window, eta_full=7.3h)
  28050 done (0.21s/window, eta_full=7.3h)
  28100 done (0.21s/window, eta_full=7.3h)
  28150 done (0.21s/window, eta_full=7.3h)
  28200 done (0.21s/window, eta_full=7.3h)
  28250 done (0.21s/window, eta_full=7.3h)
  28300 done (0.21s/window, eta_full=7.3h)
  28350 done (0.21s/window, eta_full=7.3h)
  28400 done (0.21s/window, eta_full=7.3h)
  28450 done (0.21s/window, eta_full=7.3h)
  28500 done (0.21s/window, eta_full=7.3h)
  28550 done (0.21s/window, eta_full=7.3h)
  28600 done (0.21s/window, eta_full=7.3h)
  28650 done (0.21s/window, eta_full=7.3h)
  28700 done (0.21s/window, eta_full=7.3h)
  28750 done (0.21s/window, eta_full=7.3h)
  28800 done (0.21s/window, eta_full=7.3h)
  28850 done (0.21s/window, eta_full=7.3h)
  28900 done (0.21s/window, eta_full=7.3h)
  28950 done (0.21s/window, eta_full=7.3h)
  29000 done (0.21s/window, eta_full=7.3h)
  29050 done (0.21s/window, eta_full=7.3h)
  29100 done (0.21s/window, eta_full=7.3h)
  29150 done (0.21s/window, eta_full=7.3h)
  29200 done (0.21s/window, eta_full=7.3h)
  29250 done (0.21s/window, eta_full=7.3h)
  29300 done (0.21s/window, eta_full=7.3h)
  29350 done (0.21s/window, eta_full=7.3h)
  29400 done (0.21s/window, eta_full=7.3h)
  29450 done (0.21s/window, eta_full=7.3h)
  29500 done (0.21s/window, eta_full=7.3h)
  29550 done (0.21s/window, eta_full=7.3h)
  29600 done (0.21s/window, eta_full=7.3h)
  29650 done (0.21s/window, eta_full=7.3h)
  29700 done (0.21s/window, eta_full=7.3h)
  29750 done (0.21s/window, eta_full=7.3h)
  29800 done (0.21s/window, eta_full=7.3h)
  29850 done (0.21s/window, eta_full=7.3h)
  29900 done (0.21s/window, eta_full=7.3h)
  29950 done (0.21s/window, eta_full=7.3h)
  30000 done (0.21s/window, eta_full=7.3h)
  30050 done (0.21s/window, eta_full=7.3h)
  30100 done (0.21s/window, eta_full=7.3h)
  30150 done (0.21s/window, eta_full=7.3h)
  30200 done (0.21s/window, eta_full=7.3h)
  30250 done (0.21s/window, eta_full=7.3h)
  30300 done (0.21s/window, eta_full=7.3h)
  30350 done (0.21s/window, eta_full=7.3h)
  30400 done (0.21s/window, eta_full=7.3h)
  30450 done (0.21s/window, eta_full=7.3h)
  30500 done (0.21s/window, eta_full=7.3h)
  30550 done (0.21s/window, eta_full=7.3h)
  30600 done (0.21s/window, eta_full=7.3h)
  30650 done (0.21s/window, eta_full=7.3h)
  30700 done (0.21s/window, eta_full=7.3h)
  30750 done (0.21s/window, eta_full=7.3h)
  30800 done (0.21s/window, eta_full=7.3h)
  30850 done (0.21s/window, eta_full=7.3h)
  30900 done (0.21s/window, eta_full=7.3h)
  30950 done (0.21s/window, eta_full=7.3h)
  31000 done (0.21s/window, eta_full=7.3h)
  31050 done (0.21s/window, eta_full=7.3h)
  31100 done (0.21s/window, eta_full=7.3h)
  31150 done (0.21s/window, eta_full=7.3h)
  31200 done (0.21s/window, eta_full=7.3h)
  31250 done (0.21s/window, eta_full=7.3h)
  31300 done (0.21s/window, eta_full=7.3h)
  31350 done (0.21s/window, eta_full=7.3h)
  31400 done (0.21s/window, eta_full=7.3h)
  31450 done (0.21s/window, eta_full=7.3h)
  31500 done (0.21s/window, eta_full=7.3h)
  31550 done (0.21s/window, eta_full=7.3h)
  31600 done (0.21s/window, eta_full=7.3h)
  31650 done (0.21s/window, eta_full=7.3h)
  31700 done (0.21s/window, eta_full=7.3h)
  31750 done (0.21s/window, eta_full=7.3h)
  31800 done (0.21s/window, eta_full=7.3h)
  31850 done (0.21s/window, eta_full=7.3h)
  31900 done (0.21s/window, eta_full=7.3h)
  31950 done (0.21s/window, eta_full=7.3h)
  32000 done (0.21s/window, eta_full=7.3h)
  32050 done (0.21s/window, eta_full=7.3h)
  32100 done (0.21s/window, eta_full=7.3h)
  32150 done (0.21s/window, eta_full=7.3h)
  32200 done (0.21s/window, eta_full=7.3h)
  32250 done (0.21s/window, eta_full=7.3h)
  32300 done (0.21s/window, eta_full=7.3h)
  32350 done (0.21s/window, eta_full=7.3h)
  32400 done (0.21s/window, eta_full=7.3h)
  32450 done (0.21s/window, eta_full=7.3h)
  32500 done (0.21s/window, eta_full=7.3h)
  32550 done (0.21s/window, eta_full=7.3h)
  32600 done (0.21s/window, eta_full=7.3h)
  32650 done (0.21s/window, eta_full=7.3h)
  32700 done (0.21s/window, eta_full=7.3h)
  32750 done (0.21s/window, eta_full=7.3h)
  32800 done (0.21s/window, eta_full=7.3h)
  32850 done (0.21s/window, eta_full=7.3h)
  32900 done (0.21s/window, eta_full=7.3h)
  32950 done (0.21s/window, eta_full=7.3h)
  33000 done (0.21s/window, eta_full=7.3h)
  33050 done (0.21s/window, eta_full=7.3h)
  33100 done (0.21s/window, eta_full=7.3h)
  33150 done (0.21s/window, eta_full=7.3h)
  33200 done (0.21s/window, eta_full=7.3h)
  33250 done (0.21s/window, eta_full=7.3h)
  33300 done (0.21s/window, eta_full=7.3h)
  33350 done (0.21s/window, eta_full=7.3h)
  33400 done (0.21s/window, eta_full=7.3h)
  33450 done (0.21s/window, eta_full=7.3h)
  33500 done (0.21s/window, eta_full=7.3h)
  33550 done (0.21s/window, eta_full=7.3h)
  33600 done (0.21s/window, eta_full=7.3h)
  33650 done (0.21s/window, eta_full=7.3h)
  33700 done (0.21s/window, eta_full=7.3h)
  33750 done (0.21s/window, eta_full=7.3h)
  33800 done (0.21s/window, eta_full=7.3h)
  33850 done (0.21s/window, eta_full=7.3h)
  33900 done (0.21s/window, eta_full=7.3h)
  33950 done (0.21s/window, eta_full=7.3h)
  34000 done (0.21s/window, eta_full=7.3h)
  34050 done (0.21s/window, eta_full=7.3h)
  34100 done (0.21s/window, eta_full=7.3h)
  34150 done (0.21s/window, eta_full=7.3h)
  34200 done (0.21s/window, eta_full=7.3h)
  34250 done (0.21s/window, eta_full=7.3h)
  34300 done (0.21s/window, eta_full=7.3h)
  34350 done (0.21s/window, eta_full=7.3h)
  34400 done (0.21s/window, eta_full=7.3h)
  34450 done (0.21s/window, eta_full=7.3h)
  34500 done (0.21s/window, eta_full=7.3h)
  34550 done (0.21s/window, eta_full=7.3h)
  34600 done (0.21s/window, eta_full=7.3h)
  34650 done (0.21s/window, eta_full=7.3h)
  34700 done (0.21s/window, eta_full=7.3h)
  34750 done (0.21s/window, eta_full=7.3h)
  34800 done (0.21s/window, eta_full=7.3h)
  34850 done (0.21s/window, eta_full=7.3h)
  34900 done (0.21s/window, eta_full=7.3h)
  34950 done (0.21s/window, eta_full=7.3h)
  35000 done (0.21s/window, eta_full=7.3h)
  35050 done (0.21s/window, eta_full=7.3h)
  35100 done (0.21s/window, eta_full=7.3h)
  35150 done (0.21s/window, eta_full=7.3h)
  35200 done (0.21s/window, eta_full=7.3h)
  35250 done (0.21s/window, eta_full=7.3h)
  35300 done (0.21s/window, eta_full=7.3h)
  35350 done (0.21s/window, eta_full=7.3h)
  35400 done (0.21s/window, eta_full=7.3h)
  35450 done (0.21s/window, eta_full=7.3h)
  35500 done (0.21s/window, eta_full=7.3h)
  35550 done (0.21s/window, eta_full=7.3h)
  35600 done (0.21s/window, eta_full=7.3h)
  35650 done (0.21s/window, eta_full=7.3h)
  35700 done (0.21s/window, eta_full=7.3h)
  35750 done (0.21s/window, eta_full=7.3h)
  35800 done (0.21s/window, eta_full=7.3h)
  35850 done (0.21s/window, eta_full=7.3h)
  35900 done (0.21s/window, eta_full=7.3h)
  35950 done (0.21s/window, eta_full=7.3h)
  36000 done (0.21s/window, eta_full=7.3h)
  36050 done (0.21s/window, eta_full=7.3h)
  36100 done (0.21s/window, eta_full=7.3h)
  36150 done (0.21s/window, eta_full=7.3h)
  36200 done (0.21s/window, eta_full=7.3h)
  36250 done (0.21s/window, eta_full=7.3h)
  36300 done (0.21s/window, eta_full=7.3h)
  36350 done (0.21s/window, eta_full=7.3h)
  36400 done (0.21s/window, eta_full=7.3h)
  36450 done (0.21s/window, eta_full=7.3h)
  36500 done (0.21s/window, eta_full=7.3h)
  36550 done (0.21s/window, eta_full=7.3h)
  36600 done (0.21s/window, eta_full=7.3h)
  36650 done (0.21s/window, eta_full=7.3h)
  36700 done (0.21s/window, eta_full=7.3h)
  36750 done (0.21s/window, eta_full=7.3h)
  36800 done (0.21s/window, eta_full=7.3h)
  36850 done (0.21s/window, eta_full=7.3h)
  36900 done (0.21s/window, eta_full=7.3h)
  36950 done (0.21s/window, eta_full=7.3h)
  37000 done (0.21s/window, eta_full=7.3h)
  37050 done (0.21s/window, eta_full=7.3h)
  37100 done (0.21s/window, eta_full=7.3h)
  37150 done (0.21s/window, eta_full=7.3h)
  37200 done (0.21s/window, eta_full=7.3h)
  37250 done (0.21s/window, eta_full=7.3h)
  37300 done (0.21s/window, eta_full=7.3h)
  37350 done (0.21s/window, eta_full=7.3h)
  37400 done (0.21s/window, eta_full=7.3h)
  37450 done (0.21s/window, eta_full=7.3h)
  37500 done (0.21s/window, eta_full=7.3h)
  37550 done (0.21s/window, eta_full=7.3h)
  37600 done (0.21s/window, eta_full=7.3h)
  37650 done (0.21s/window, eta_full=7.3h)
  37700 done (0.21s/window, eta_full=7.3h)
  37750 done (0.21s/window, eta_full=7.3h)
  37800 done (0.21s/window, eta_full=7.3h)
  37850 done (0.21s/window, eta_full=7.3h)
  37900 done (0.21s/window, eta_full=7.3h)
  37950 done (0.21s/window, eta_full=7.3h)
  38000 done (0.21s/window, eta_full=7.3h)
  38050 done (0.21s/window, eta_full=7.3h)
  38100 done (0.21s/window, eta_full=7.3h)
  38150 done (0.21s/window, eta_full=7.3h)
  38200 done (0.21s/window, eta_full=7.3h)
  38250 done (0.21s/window, eta_full=7.3h)
  38300 done (0.21s/window, eta_full=7.3h)
  38350 done (0.21s/window, eta_full=7.3h)
  38400 done (0.21s/window, eta_full=7.3h)
  38450 done (0.21s/window, eta_full=7.3h)
  38500 done (0.21s/window, eta_full=7.3h)
  38550 done (0.21s/window, eta_full=7.3h)
  38600 done (0.21s/window, eta_full=7.3h)
  38650 done (0.21s/window, eta_full=7.3h)
  38700 done (0.21s/window, eta_full=7.3h)
  38750 done (0.21s/window, eta_full=7.3h)
  38800 done (0.21s/window, eta_full=7.3h)
  38850 done (0.21s/window, eta_full=7.3h)
  38900 done (0.21s/window, eta_full=7.3h)
  38950 done (0.21s/window, eta_full=7.3h)
  39000 done (0.21s/window, eta_full=7.3h)
  39050 done (0.21s/window, eta_full=7.3h)
  39100 done (0.21s/window, eta_full=7.3h)
  39150 done (0.21s/window, eta_full=7.3h)
  39200 done (0.21s/window, eta_full=7.3h)
  39250 done (0.21s/window, eta_full=7.3h)
  39300 done (0.21s/window, eta_full=7.3h)
  39350 done (0.21s/window, eta_full=7.3h)
  39400 done (0.21s/window, eta_full=7.3h)
  39450 done (0.21s/window, eta_full=7.3h)
  39500 done (0.21s/window, eta_full=7.3h)
  39550 done (0.21s/window, eta_full=7.3h)
  39600 done (0.21s/window, eta_full=7.3h)
  39650 done (0.21s/window, eta_full=7.3h)
  39700 done (0.21s/window, eta_full=7.3h)
  39750 done (0.21s/window, eta_full=7.3h)
  39800 done (0.21s/window, eta_full=7.3h)
  39850 done (0.21s/window, eta_full=7.3h)
  39900 done (0.21s/window, eta_full=7.3h)
  39950 done (0.21s/window, eta_full=7.3h)
  40000 done (0.21s/window, eta_full=7.3h)
  40050 done (0.21s/window, eta_full=7.3h)
  40100 done (0.21s/window, eta_full=7.3h)
  40150 done (0.21s/window, eta_full=7.3h)
  40200 done (0.21s/window, eta_full=7.3h)
  40250 done (0.21s/window, eta_full=7.3h)
  40300 done (0.21s/window, eta_full=7.3h)
  40350 done (0.21s/window, eta_full=7.3h)
  40400 done (0.21s/window, eta_full=7.3h)
  40450 done (0.21s/window, eta_full=7.3h)
  40500 done (0.21s/window, eta_full=7.3h)
  40550 done (0.21s/window, eta_full=7.3h)
  40600 done (0.21s/window, eta_full=7.3h)
  40650 done (0.21s/window, eta_full=7.3h)
  40700 done (0.21s/window, eta_full=7.3h)
  40750 done (0.21s/window, eta_full=7.3h)
  40800 done (0.21s/window, eta_full=7.3h)
  40850 done (0.21s/window, eta_full=7.3h)
  40900 done (0.21s/window, eta_full=7.3h)
  40950 done (0.21s/window, eta_full=7.3h)
  41000 done (0.21s/window, eta_full=7.3h)
  41050 done (0.21s/window, eta_full=7.3h)
  41100 done (0.21s/window, eta_full=7.3h)
  41150 done (0.21s/window, eta_full=7.3h)
  41200 done (0.21s/window, eta_full=7.3h)
  41250 done (0.21s/window, eta_full=7.3h)
  41300 done (0.21s/window, eta_full=7.3h)
  41350 done (0.21s/window, eta_full=7.3h)
  41400 done (0.21s/window, eta_full=7.3h)
  41450 done (0.21s/window, eta_full=7.3h)
  41500 done (0.21s/window, eta_full=7.3h)
  41550 done (0.21s/window, eta_full=7.3h)
  41600 done (0.21s/window, eta_full=7.3h)
  41650 done (0.21s/window, eta_full=7.3h)
  41700 done (0.21s/window, eta_full=7.3h)
  41750 done (0.21s/window, eta_full=7.3h)
  41800 done (0.21s/window, eta_full=7.3h)
  41850 done (0.21s/window, eta_full=7.3h)
  41900 done (0.21s/window, eta_full=7.3h)
  41950 done (0.21s/window, eta_full=7.3h)
  42000 done (0.21s/window, eta_full=7.3h)
  42050 done (0.21s/window, eta_full=7.3h)
  42100 done (0.21s/window, eta_full=7.3h)
  42150 done (0.21s/window, eta_full=7.3h)
  42200 done (0.21s/window, eta_full=7.3h)
  42250 done (0.21s/window, eta_full=7.3h)
  42300 done (0.21s/window, eta_full=7.3h)
  42350 done (0.21s/window, eta_full=7.3h)
  42400 done (0.21s/window, eta_full=7.3h)
  42450 done (0.21s/window, eta_full=7.3h)
  42500 done (0.21s/window, eta_full=7.3h)
  42550 done (0.21s/window, eta_full=7.3h)
  42600 done (0.21s/window, eta_full=7.3h)
  42650 done (0.21s/window, eta_full=7.3h)
  42700 done (0.21s/window, eta_full=7.3h)
  42750 done (0.21s/window, eta_full=7.3h)
  42800 done (0.21s/window, eta_full=7.3h)
  42850 done (0.21s/window, eta_full=7.3h)
  42900 done (0.21s/window, eta_full=7.3h)
  42950 done (0.21s/window, eta_full=7.3h)
  43000 done (0.21s/window, eta_full=7.3h)
  43050 done (0.21s/window, eta_full=7.3h)
  43100 done (0.21s/window, eta_full=7.3h)
  43150 done (0.21s/window, eta_full=7.3h)
  43200 done (0.21s/window, eta_full=7.3h)
  43250 done (0.21s/window, eta_full=7.3h)
  43300 done (0.21s/window, eta_full=7.3h)
  43350 done (0.21s/window, eta_full=7.3h)
  43400 done (0.21s/window, eta_full=7.3h)
  43450 done (0.21s/window, eta_full=7.3h)
  43500 done (0.21s/window, eta_full=7.3h)
  43550 done (0.21s/window, eta_full=7.3h)
  43600 done (0.21s/window, eta_full=7.3h)
  43650 done (0.21s/window, eta_full=7.3h)
  43700 done (0.21s/window, eta_full=7.3h)
  43750 done (0.21s/window, eta_full=7.3h)
  43800 done (0.21s/window, eta_full=7.3h)
  43850 done (0.21s/window, eta_full=7.3h)
  43900 done (0.21s/window, eta_full=7.3h)
  43950 done (0.21s/window, eta_full=7.3h)
  44000 done (0.21s/window, eta_full=7.3h)
  44050 done (0.21s/window, eta_full=7.3h)
  44100 done (0.21s/window, eta_full=7.3h)
  44150 done (0.21s/window, eta_full=7.3h)
  44200 done (0.21s/window, eta_full=7.3h)
  44250 done (0.21s/window, eta_full=7.3h)
  44300 done (0.21s/window, eta_full=7.3h)
  44350 done (0.21s/window, eta_full=7.3h)
  44400 done (0.21s/window, eta_full=7.3h)
  44450 done (0.21s/window, eta_full=7.3h)
  44500 done (0.21s/window, eta_full=7.3h)
  44550 done (0.21s/window, eta_full=7.3h)
  44600 done (0.21s/window, eta_full=7.3h)
  44650 done (0.21s/window, eta_full=7.3h)
  44700 done (0.21s/window, eta_full=7.3h)
  44750 done (0.21s/window, eta_full=7.3h)
  44800 done (0.21s/window, eta_full=7.3h)
  44850 done (0.21s/window, eta_full=7.3h)
  44900 done (0.21s/window, eta_full=7.3h)
  44950 done (0.21s/window, eta_full=7.3h)
  45000 done (0.21s/window, eta_full=7.3h)
  45050 done (0.21s/window, eta_full=7.3h)
  45100 done (0.21s/window, eta_full=7.3h)
  45150 done (0.21s/window, eta_full=7.3h)
  45200 done (0.21s/window, eta_full=7.3h)
  45250 done (0.21s/window, eta_full=7.3h)
  45300 done (0.21s/window, eta_full=7.3h)
  45350 done (0.21s/window, eta_full=7.3h)
  45400 done (0.21s/window, eta_full=7.3h)
  45450 done (0.21s/window, eta_full=7.3h)
  45500 done (0.21s/window, eta_full=7.3h)
  45550 done (0.21s/window, eta_full=7.3h)
  45600 done (0.21s/window, eta_full=7.3h)
  45650 done (0.21s/window, eta_full=7.3h)
  45700 done (0.21s/window, eta_full=7.3h)
  45750 done (0.21s/window, eta_full=7.3h)
  45800 done (0.21s/window, eta_full=7.3h)
  45850 done (0.21s/window, eta_full=7.3h)
  45900 done (0.21s/window, eta_full=7.3h)
  45950 done (0.21s/window, eta_full=7.3h)
  46000 done (0.21s/window, eta_full=7.3h)
  46050 done (0.21s/window, eta_full=7.3h)
  46100 done (0.21s/window, eta_full=7.3h)
  46150 done (0.21s/window, eta_full=7.3h)
  46200 done (0.21s/window, eta_full=7.3h)
  46250 done (0.21s/window, eta_full=7.3h)
  46300 done (0.21s/window, eta_full=7.3h)
  46350 done (0.21s/window, eta_full=7.3h)
  46400 done (0.21s/window, eta_full=7.3h)
  46450 done (0.21s/window, eta_full=7.3h)
  46500 done (0.21s/window, eta_full=7.3h)
  46550 done (0.21s/window, eta_full=7.3h)
  46600 done (0.21s/window, eta_full=7.3h)
  46650 done (0.21s/window, eta_full=7.3h)
  46700 done (0.21s/window, eta_full=7.3h)
  46750 done (0.21s/window, eta_full=7.3h)
  46800 done (0.21s/window, eta_full=7.3h)
  46850 done (0.21s/window, eta_full=7.3h)
  46900 done (0.21s/window, eta_full=7.3h)
  46950 done (0.21s/window, eta_full=7.3h)
  47000 done (0.21s/window, eta_full=7.3h)
  47050 done (0.21s/window, eta_full=7.3h)
  47100 done (0.21s/window, eta_full=7.3h)
  47150 done (0.21s/window, eta_full=7.3h)
  47200 done (0.21s/window, eta_full=7.3h)
  47250 done (0.21s/window, eta_full=7.3h)
  47300 done (0.21s/window, eta_full=7.3h)
  47350 done (0.21s/window, eta_full=7.3h)
  47400 done (0.21s/window, eta_full=7.3h)
  47450 done (0.21s/window, eta_full=7.3h)
  47500 done (0.21s/window, eta_full=7.3h)
  47550 done (0.21s/window, eta_full=7.3h)
  47600 done (0.21s/window, eta_full=7.3h)
  47650 done (0.21s/window, eta_full=7.3h)
  47700 done (0.21s/window, eta_full=7.3h)
  47750 done (0.21s/window, eta_full=7.3h)
  47800 done (0.21s/window, eta_full=7.3h)
  47850 done (0.21s/window, eta_full=7.3h)
  47900 done (0.21s/window, eta_full=7.3h)
  47950 done (0.21s/window, eta_full=7.3h)
  48000 done (0.21s/window, eta_full=7.3h)
  48050 done (0.21s/window, eta_full=7.3h)
  48100 done (0.21s/window, eta_full=7.3h)
  48150 done (0.21s/window, eta_full=7.3h)
  48200 done (0.21s/window, eta_full=7.3h)
  48250 done (0.21s/window, eta_full=7.3h)
  48300 done (0.21s/window, eta_full=7.3h)
  48350 done (0.21s/window, eta_full=7.3h)
  48400 done (0.21s/window, eta_full=7.3h)
  48450 done (0.21s/window, eta_full=7.3h)
  48500 done (0.21s/window, eta_full=7.3h)
  48550 done (0.21s/window, eta_full=7.3h)
  48600 done (0.21s/window, eta_full=7.3h)
  48650 done (0.21s/window, eta_full=7.3h)
  48700 done (0.21s/window, eta_full=7.3h)
  48750 done (0.21s/window, eta_full=7.3h)
  48800 done (0.21s/window, eta_full=7.3h)
  48850 done (0.21s/window, eta_full=7.3h)
  48900 done (0.21s/window, eta_full=7.3h)
  48950 done (0.21s/window, eta_full=7.3h)
  49000 done (0.21s/window, eta_full=7.3h)
  49050 done (0.21s/window, eta_full=7.3h)
  49100 done (0.21s/window, eta_full=7.3h)
  49150 done (0.21s/window, eta_full=7.3h)
  49200 done (0.21s/window, eta_full=7.3h)
  49250 done (0.21s/window, eta_full=7.3h)
  49300 done (0.21s/window, eta_full=7.3h)
  49350 done (0.21s/window, eta_full=7.3h)
  49400 done (0.21s/window, eta_full=7.3h)
  49450 done (0.21s/window, eta_full=7.3h)
  49500 done (0.21s/window, eta_full=7.3h)
  49550 done (0.21s/window, eta_full=7.3h)
  49600 done (0.21s/window, eta_full=7.3h)
  49650 done (0.21s/window, eta_full=7.3h)
  49700 done (0.21s/window, eta_full=7.3h)
  49750 done (0.21s/window, eta_full=7.3h)
  49800 done (0.21s/window, eta_full=7.3h)
  49850 done (0.21s/window, eta_full=7.3h)
  49900 done (0.21s/window, eta_full=7.3h)
  49950 done (0.21s/window, eta_full=7.3h)
  50000 done (0.21s/window, eta_full=7.3h)
  50050 done (0.21s/window, eta_full=7.3h)
  50100 done (0.21s/window, eta_full=7.3h)
  50150 done (0.21s/window, eta_full=7.3h)
  50200 done (0.21s/window, eta_full=7.3h)
  50250 done (0.21s/window, eta_full=7.3h)
  50300 done (0.21s/window, eta_full=7.3h)
  50350 done (0.21s/window, eta_full=7.3h)
  50400 done (0.21s/window, eta_full=7.3h)
  50450 done (0.21s/window, eta_full=7.3h)
  50500 done (0.21s/window, eta_full=7.3h)
  50550 done (0.21s/window, eta_full=7.3h)
  50600 done (0.21s/window, eta_full=7.3h)
  50650 done (0.21s/window, eta_full=7.3h)
  50700 done (0.21s/window, eta_full=7.3h)
  50750 done (0.21s/window, eta_full=7.3h)
  50800 done (0.21s/window, eta_full=7.3h)
  50850 done (0.21s/window, eta_full=7.3h)
  50900 done (0.21s/window, eta_full=7.3h)
  50950 done (0.21s/window, eta_full=7.3h)
  51000 done (0.21s/window, eta_full=7.3h)
  51050 done (0.21s/window, eta_full=7.3h)
  51100 done (0.21s/window, eta_full=7.3h)
  51150 done (0.21s/window, eta_full=7.3h)
  51200 done (0.21s/window, eta_full=7.3h)
  51250 done (0.21s/window, eta_full=7.3h)
  51300 done (0.21s/window, eta_full=7.3h)
  51350 done (0.21s/window, eta_full=7.3h)
  51400 done (0.21s/window, eta_full=7.3h)
  51450 done (0.21s/window, eta_full=7.3h)
  51500 done (0.21s/window, eta_full=7.3h)
  51550 done (0.21s/window, eta_full=7.3h)
  51600 done (0.21s/window, eta_full=7.3h)
  51650 done (0.21s/window, eta_full=7.3h)
  51700 done (0.21s/window, eta_full=7.3h)
  51750 done (0.21s/window, eta_full=7.3h)
  51800 done (0.21s/window, eta_full=7.3h)
  51850 done (0.21s/window, eta_full=7.3h)
  51900 done (0.21s/window, eta_full=7.3h)
  51950 done (0.21s/window, eta_full=7.3h)
  52000 done (0.21s/window, eta_full=7.3h)
  52050 done (0.21s/window, eta_full=7.3h)
  52100 done (0.21s/window, eta_full=7.3h)
  52150 done (0.21s/window, eta_full=7.3h)
  52200 done (0.21s/window, eta_full=7.3h)
  52250 done (0.21s/window, eta_full=7.3h)
  52300 done (0.21s/window, eta_full=7.3h)
  52350 done (0.21s/window, eta_full=7.3h)
  52400 done (0.21s/window, eta_full=7.3h)
  52450 done (0.21s/window, eta_full=7.3h)
  52500 done (0.21s/window, eta_full=7.3h)
  52550 done (0.21s/window, eta_full=7.3h)
  52600 done (0.21s/window, eta_full=7.3h)
  52650 done (0.21s/window, eta_full=7.3h)
  52700 done (0.21s/window, eta_full=7.3h)
  52750 done (0.21s/window, eta_full=7.3h)
  52800 done (0.21s/window, eta_full=7.3h)
  52850 done (0.21s/window, eta_full=7.3h)
  52900 done (0.21s/window, eta_full=7.3h)
  52950 done (0.21s/window, eta_full=7.3h)
  53000 done (0.21s/window, eta_full=7.3h)
  53050 done (0.21s/window, eta_full=7.3h)
  53100 done (0.21s/window, eta_full=7.3h)
  53150 done (0.21s/window, eta_full=7.3h)
  53200 done (0.21s/window, eta_full=7.3h)
  53250 done (0.21s/window, eta_full=7.3h)
  53300 done (0.21s/window, eta_full=7.3h)
  53350 done (0.21s/window, eta_full=7.3h)
  53400 done (0.21s/window, eta_full=7.3h)
  53450 done (0.21s/window, eta_full=7.3h)
  53500 done (0.21s/window, eta_full=7.3h)
  53550 done (0.21s/window, eta_full=7.3h)
  53600 done (0.21s/window, eta_full=7.3h)
  53650 done (0.21s/window, eta_full=7.3h)
  53700 done (0.21s/window, eta_full=7.3h)
  53750 done (0.21s/window, eta_full=7.3h)
  53800 done (0.21s/window, eta_full=7.3h)
  53850 done (0.21s/window, eta_full=7.3h)
  53900 done (0.21s/window, eta_full=7.3h)
  53950 done (0.21s/window, eta_full=7.3h)
  54000 done (0.21s/window, eta_full=7.3h)
  54050 done (0.21s/window, eta_full=7.3h)
  54100 done (0.21s/window, eta_full=7.3h)
  54150 done (0.21s/window, eta_full=7.3h)
  54200 done (0.21s/window, eta_full=7.3h)
  54250 done (0.21s/window, eta_full=7.3h)
  54300 done (0.21s/window, eta_full=7.3h)
  54350 done (0.21s/window, eta_full=7.3h)
  54400 done (0.21s/window, eta_full=7.3h)
  54450 done (0.21s/window, eta_full=7.3h)
  54500 done (0.21s/window, eta_full=7.3h)
  54550 done (0.21s/window, eta_full=7.3h)
  54600 done (0.21s/window, eta_full=7.3h)
  54650 done (0.21s/window, eta_full=7.3h)
  54700 done (0.21s/window, eta_full=7.3h)
  54750 done (0.21s/window, eta_full=7.3h)
  54800 done (0.21s/window, eta_full=7.3h)
  54850 done (0.21s/window, eta_full=7.3h)
Done. 54886 written, 72666 skipped. 0.21s/window -> 7.29h per 127552
