/home/edabk/hoangbpm/diar/diar_new/third_party/icefall/egs/librispeech/ASR/zipformer/scaling.py:1310: FutureWarning: `torch.cuda.amp.custom_fwd(args...)` is deprecated. Please use `torch.amp.custom_fwd(args..., device_type='cuda')` instead.
  def forward(ctx, x, y, alpha):
/home/edabk/hoangbpm/diar/diar_new/third_party/icefall/egs/librispeech/ASR/zipformer/scaling.py:1319: FutureWarning: `torch.cuda.amp.custom_bwd(args...)` is deprecated. Please use `torch.amp.custom_bwd(args..., device_type='cuda')` instead.
  def backward(ctx, ans_grad):
/home/edabk/hoangbpm/diar/diar_new/third_party/icefall/egs/librispeech/ASR/zipformer/scaling.py:1529: FutureWarning: `torch.cuda.amp.custom_fwd(args...)` is deprecated. Please use `torch.amp.custom_fwd(args..., device_type='cuda')` instead.
  def forward(
/home/edabk/hoangbpm/diar/diar_new/third_party/icefall/egs/librispeech/ASR/zipformer/scaling.py:1568: FutureWarning: `torch.cuda.amp.custom_bwd(args...)` is deprecated. Please use `torch.amp.custom_bwd(args..., device_type='cuda')` instead.
  def backward(ctx, ans_grad: Tensor):
fatal: not a git repository (or any of the parent directories): .git
fatal: not a git repository (or any of the parent directories): .git
fatal: not a git repository (or any of the parent directories): .git
Built Zipformer encoder: causal=True, chunk_size=(32,), left_context_frames=(128,)
Loaded: 64556023/64556023 params (100.0%)
Missing keys: 0
Unexpected keys: 0
Multi-scale hypercolumn enabled: stack dims [192, 256, 384, 512, 384, 256] + final=False (alignment=average) -> concat dim 1984
Detected backbone output_dim: 1984
ZipCount-DipCo: scoring 107 windows (restricted to the common set)

===== ZipCount-DipCo — same protocol as competitors (107 windows, 100 Hz, upsample x[4]) =====
acc=0.699  mae=0.331  macroF1=0.549
f1/cls = [0.669 0.812 0.399 0.317]
VAD:  F1=0.961 (P=0.974 R=0.947)
OSD (count>=2): F1=0.560 (P=0.621 R=0.510)
confusion P(pred|true):  pred0   pred1   pred2   pred3
  true0:               0.757   0.213   0.022   0.007
  true1:               0.062   0.824   0.105   0.008
  true2:               0.031   0.525   0.376   0.067
  true3:               0.013   0.243   0.490   0.253
